Archive member included because of file (symbol)

/usr/local/gcc-arm-none-eabi-4_9-2015q1/bin/../lib/gcc/arm-none-eabi/4.9.3/../../../../arm-none-eabi/lib/armv6-m/libc_nano.a(lib_a-exit.o)
                              /usr/local/gcc-arm-none-eabi-4_9-2015q1/bin/../lib/gcc/arm-none-eabi/4.9.3/../../../../arm-none-eabi/lib/armv6-m/crt0.o (exit)
/usr/local/gcc-arm-none-eabi-4_9-2015q1/bin/../lib/gcc/arm-none-eabi/4.9.3/../../../../arm-none-eabi/lib/armv6-m/libc_nano.a(lib_a-impure.o)
                              /usr/local/gcc-arm-none-eabi-4_9-2015q1/bin/../lib/gcc/arm-none-eabi/4.9.3/../../../../arm-none-eabi/lib/armv6-m/libc_nano.a(lib_a-exit.o) (_global_impure_ptr)
/usr/local/gcc-arm-none-eabi-4_9-2015q1/bin/../lib/gcc/arm-none-eabi/4.9.3/../../../../arm-none-eabi/lib/armv6-m/libc_nano.a(lib_a-init.o)
                              /usr/local/gcc-arm-none-eabi-4_9-2015q1/bin/../lib/gcc/arm-none-eabi/4.9.3/../../../../arm-none-eabi/lib/armv6-m/crt0.o (__libc_init_array)
/usr/local/gcc-arm-none-eabi-4_9-2015q1/bin/../lib/gcc/arm-none-eabi/4.9.3/../../../../arm-none-eabi/lib/armv6-m/libc_nano.a(lib_a-memset.o)
                              /usr/local/gcc-arm-none-eabi-4_9-2015q1/bin/../lib/gcc/arm-none-eabi/4.9.3/../../../../arm-none-eabi/lib/armv6-m/crt0.o (memset)
/usr/local/gcc-arm-none-eabi-4_9-2015q1/bin/../lib/gcc/arm-none-eabi/4.9.3/../../../../arm-none-eabi/lib/armv6-m/libc_nano.a(lib_a-nano-vfprintf_float.o)
                              (_printf_float)
/usr/local/gcc-arm-none-eabi-4_9-2015q1/bin/../lib/gcc/arm-none-eabi/4.9.3/../../../../arm-none-eabi/lib/armv6-m/libc_nano.a(lib_a-nano-vfprintf_i.o)
                              /usr/local/gcc-arm-none-eabi-4_9-2015q1/bin/../lib/gcc/arm-none-eabi/4.9.3/../../../../arm-none-eabi/lib/armv6-m/libc_nano.a(lib_a-nano-vfprintf_float.o) (_printf_common)
/usr/local/gcc-arm-none-eabi-4_9-2015q1/bin/../lib/gcc/arm-none-eabi/4.9.3/../../../../arm-none-eabi/lib/armv6-m/libc_nano.a(lib_a-s_fpclassify.o)
                              /usr/local/gcc-arm-none-eabi-4_9-2015q1/bin/../lib/gcc/arm-none-eabi/4.9.3/../../../../arm-none-eabi/lib/armv6-m/libc_nano.a(lib_a-nano-vfprintf_float.o) (__fpclassifyd)
/usr/local/gcc-arm-none-eabi-4_9-2015q1/bin/../lib/gcc/arm-none-eabi/4.9.3/../../../../arm-none-eabi/lib/armv6-m/libc_nano.a(lib_a-strlen.o)
                              /usr/local/gcc-arm-none-eabi-4_9-2015q1/bin/../lib/gcc/arm-none-eabi/4.9.3/../../../../arm-none-eabi/lib/armv6-m/libc_nano.a(lib_a-nano-vfprintf_float.o) (strlen)
/usr/local/gcc-arm-none-eabi-4_9-2015q1/bin/../lib/gcc/arm-none-eabi/4.9.3/../../../../arm-none-eabi/lib/armv6-m/libc_nano.a(lib_a-dtoa.o)
                              /usr/local/gcc-arm-none-eabi-4_9-2015q1/bin/../lib/gcc/arm-none-eabi/4.9.3/../../../../arm-none-eabi/lib/armv6-m/libc_nano.a(lib_a-nano-vfprintf_float.o) (_dtoa_r)
/usr/local/gcc-arm-none-eabi-4_9-2015q1/bin/../lib/gcc/arm-none-eabi/4.9.3/../../../../arm-none-eabi/lib/armv6-m/libc_nano.a(lib_a-locale.o)
                              /usr/local/gcc-arm-none-eabi-4_9-2015q1/bin/../lib/gcc/arm-none-eabi/4.9.3/../../../../arm-none-eabi/lib/armv6-m/libc_nano.a(lib_a-nano-vfprintf_float.o) (_localeconv_r)
/usr/local/gcc-arm-none-eabi-4_9-2015q1/bin/../lib/gcc/arm-none-eabi/4.9.3/../../../../arm-none-eabi/lib/armv6-m/libc_nano.a(lib_a-malloc.o)
                              /usr/local/gcc-arm-none-eabi-4_9-2015q1/bin/../lib/gcc/arm-none-eabi/4.9.3/../../../../arm-none-eabi/lib/armv6-m/libc_nano.a(lib_a-dtoa.o) (malloc)
/usr/local/gcc-arm-none-eabi-4_9-2015q1/bin/../lib/gcc/arm-none-eabi/4.9.3/../../../../arm-none-eabi/lib/armv6-m/libc_nano.a(lib_a-memchr.o)
                              /usr/local/gcc-arm-none-eabi-4_9-2015q1/bin/../lib/gcc/arm-none-eabi/4.9.3/../../../../arm-none-eabi/lib/armv6-m/libc_nano.a(lib_a-nano-vfprintf_i.o) (memchr)
/usr/local/gcc-arm-none-eabi-4_9-2015q1/bin/../lib/gcc/arm-none-eabi/4.9.3/../../../../arm-none-eabi/lib/armv6-m/libc_nano.a(lib_a-memcpy.o)
                              /usr/local/gcc-arm-none-eabi-4_9-2015q1/bin/../lib/gcc/arm-none-eabi/4.9.3/../../../../arm-none-eabi/lib/armv6-m/libc_nano.a(lib_a-dtoa.o) (memcpy)
/usr/local/gcc-arm-none-eabi-4_9-2015q1/bin/../lib/gcc/arm-none-eabi/4.9.3/../../../../arm-none-eabi/lib/armv6-m/libc_nano.a(lib_a-mprec.o)
                              /usr/local/gcc-arm-none-eabi-4_9-2015q1/bin/../lib/gcc/arm-none-eabi/4.9.3/../../../../arm-none-eabi/lib/armv6-m/libc_nano.a(lib_a-dtoa.o) (_Balloc)
/usr/local/gcc-arm-none-eabi-4_9-2015q1/bin/../lib/gcc/arm-none-eabi/4.9.3/../../../../arm-none-eabi/lib/armv6-m/libc_nano.a(lib_a-nano-callocr.o)
                              /usr/local/gcc-arm-none-eabi-4_9-2015q1/bin/../lib/gcc/arm-none-eabi/4.9.3/../../../../arm-none-eabi/lib/armv6-m/libc_nano.a(lib_a-mprec.o) (_calloc_r)
/usr/local/gcc-arm-none-eabi-4_9-2015q1/bin/../lib/gcc/arm-none-eabi/4.9.3/../../../../arm-none-eabi/lib/armv6-m/libc_nano.a(lib_a-nano-freer.o)
[...]
Memory Configuration

Name             Origin             Length             Attributes
FLASH            0x0000000000018000 0x0000000000028000 xr
RAM              0x0000000020002000 0x0000000000006000 xrw
*default*        0x0000000000000000 0xffffffffffffffff

Linker script and memory map

LOAD /usr/local/gcc-arm-none-eabi-4_9-2015q1/bin/../lib/gcc/arm-none-eabi/4.9.3/armv6-m/crti.o
LOAD /usr/local/gcc-arm-none-eabi-4_9-2015q1/bin/../lib/gcc/arm-none-eabi/4.9.3/armv6-m/crtbegin.o
LOAD /usr/local/gcc-arm-none-eabi-4_9-2015q1/bin/../lib/gcc/arm-none-eabi/4.9.3/../../../../arm-none-eabi/lib/armv6-m/crt0.o
LOAD /usr/local/gcc-arm-none-eabi-4_9-2015q1/bin/../lib/gcc/arm-none-eabi/4.9.3/../../../../arm-none-eabi/lib/armv6-m/libc_nano.a
LOAD /usr/local/gcc-arm-none-eabi-4_9-2015q1/bin/../lib/gcc/arm-none-eabi/4.9.3/../../../../arm-none-eabi/lib/armv6-m/libnosys.a
LOAD _build/main.o
LOAD _build/ble_init.o
LOAD _build/distance.o
LOAD _build/app_error.o
LOAD _build/app_fifo.o
LOAD _build/app_trace.o
LOAD _build/nrf_assert.o
LOAD _build/retarget.o
LOAD _build/app_pwm.o
LOAD _build/app_uart_fifo.o
LOAD _build/nrf_delay.o
LOAD _build/nrf_drv_common.o
LOAD _build/pstorage.o
LOAD _build/nrf_drv_gpiote.o
LOAD _build/nrf_drv_ppi.o
LOAD _build/nrf_drv_timer.o
LOAD _build/app_timer.o
LOAD _build/ble_advdata.o
LOAD _build/ble_advertising.o
LOAD _build/ble_bas.o
LOAD _build/ble_conn_params.o
LOAD _build/ble_dis.o
LOAD _build/ble_hrs.o
LOAD _build/ble_srv_common.o
LOAD _build/ble_nus.o
LOAD _build/ble_radio_notification.o
LOAD _build/system_nrf51.o
LOAD _build/softdevice_handler.o
LOAD _build/gcc_startup_nrf51.o
START GROUP
LOAD /usr/local/gcc-arm-none-eabi-4_9-2015q1/bin/../lib/gcc/arm-none-eabi/4.9.3/armv6-m/libgcc.a
LOAD /usr/local/gcc-arm-none-eabi-4_9-2015q1/bin/../lib/gcc/arm-none-eabi/4.9.3/../../../../arm-none-eabi/lib/armv6-m/libc_nano.a
END GROUP
START GROUP
LOAD /usr/local/gcc-arm-none-eabi-4_9-2015q1/bin/../lib/gcc/arm-none-eabi/4.9.3/armv6-m/libgcc.a
LOAD /usr/local/gcc-arm-none-eabi-4_9-2015q1/bin/../lib/gcc/arm-none-eabi/4.9.3/../../../../arm-none-eabi/lib/armv6-m/libc_nano.a
END GROUP
LOAD /usr/local/gcc-arm-none-eabi-4_9-2015q1/bin/../lib/gcc/arm-none-eabi/4.9.3/armv6-m/crtend.o
LOAD /usr/local/gcc-arm-none-eabi-4_9-2015q1/bin/../lib/gcc/arm-none-eabi/4.9.3/armv6-m/crtn.o
START GROUP
LOAD /usr/local/gcc-arm-none-eabi-4_9-2015q1/bin/../lib/gcc/arm-none-eabi/4.9.3/armv6-m/libgcc.a
LOAD /usr/local/gcc-arm-none-eabi-4_9-2015q1/bin/../lib/gcc/arm-none-eabi/4.9.3/../../../../arm-none-eabi/lib/armv6-m/libc.a
LOAD /usr/local/gcc-arm-none-eabi-4_9-2015q1/bin/../lib/gcc/arm-none-eabi/4.9.3/../../../../arm-none-eabi/lib/armv6-m/libnosys.a
END GROUP

.text           0x0000000000018000     0xa26c
 *(.Vectors)
 .Vectors       0x0000000000018000       0xc0 _build/gcc_startup_nrf51.o
                0x0000000000018000                __Vectors
 *(.text*)
 .text          0x00000000000180c0       0x78 /usr/local/gcc-arm-none-eabi-4_9-2015q1/bin/../lib/gcc/arm-none-eabi/4.9.3/../../../../arm-none-eabi/lib/armv6-m/crt0.o
                0x00000000000180c0                _mainCRTStartup
                0x00000000000180c0                _start
 .text.exit     0x0000000000018138       0x2c /usr/local/gcc-arm-none-eabi-4_9-2015q1/bin/../lib/gcc/arm-none-eabi/4.9.3/../../../../arm-none-eabi/lib/armv6-m/libc_nano.a(lib_a-exit.o)
                0x0000000000018138                exit
 .text.__libc_init_array
                0x0000000000018164       0x4c /usr/local/gcc-arm-none-eabi-4_9-2015q1/bin/../lib/gcc/arm-none-eabi/4.9.3/../../../../arm-none-eabi/lib/armv6-m/libc_nano.a(lib_a-init.o)
                0x0000000000018164                __libc_init_array
 .text.memset   0x00000000000181b0       0x10 /usr/local/gcc-arm-none-eabi-4_9-2015q1/bin/../lib/gcc/arm-none-eabi/4.9.3/../../../../arm-none-eabi/lib/armv6-m/libc_nano.a(lib_a-memset.o)
                0x00000000000181b0                memset
 .text.__cvt    0x00000000000181c0       0xc8 /usr/local/gcc-arm-none-eabi-4_9-2015q1/bin/../lib/gcc/arm-none-eabi/4.9.3/../../../../arm-none-eabi/lib/armv6-m/libc_nano.a(lib_a-nano-vfprintf_float.o)
                0x00000000000181c0                __cvt
 .text.__exponent
                0x0000000000018288       0x62 /usr/local/gcc-arm-none-eabi-4_9-2015q1/bin/../lib/gcc/arm-none-eabi/4.9.3/../../../../arm-none-eabi/lib/armv6-m/libc_nano.a(lib_a-nano-vfprintf_float.o)
                0x0000000000018288                __exponent
 *fill*         0x00000000000182ea        0x2 
 .text._printf_float
                0x00000000000182ec      0x47c /usr/local/gcc-arm-none-eabi-4_9-2015q1/bin/../lib/gcc/arm-none-eabi/4.9.3/../../../../arm-none-eabi/lib/armv6-m/libc_nano.a(lib_a-nano-vfprintf_float.o)
                0x00000000000182ec                _printf_float
 .text._printf_common
                0x0000000000018768       0xdc /usr/local/gcc-arm-none-eabi-4_9-2015q1/bin/../lib/gcc/arm-none-eabi/4.9.3/../../../../arm-none-eabi/lib/armv6-m/libc_nano.a(lib_a-nano-vfprintf_i.o)
                0x0000000000018768                _printf_common
 .text._printf_i
                0x0000000000018844      0x230 /usr/local/gcc-arm-none-eabi-4_9-2015q1/bin/../lib/gcc/arm-none-eabi/4.9.3/../../../../arm-none-eabi/lib/armv6-m/libc_nano.a(lib_a-nano-vfprintf_i.o)
                0x0000000000018844                _printf_i
 .text.__fpclassifyd
                0x0000000000018a74       0x50 /usr/local/gcc-arm-none-eabi-4_9-2015q1/bin/../lib/gcc/arm-none-eabi/4.9.3/../../../../arm-none-eabi/lib/armv6-m/libc_nano.a(lib_a-s_fpclassify.o)
                0x0000000000018a74                __fpclassifyd
 .text.strlen   0x0000000000018ac4        0xe /usr/local/gcc-arm-none-eabi-4_9-2015q1/bin/../lib/gcc/arm-none-eabi/4.9.3/../../../../arm-none-eabi/lib/armv6-m/libc_nano.a(lib_a-strlen.o)
                0x0000000000018ac4                strlen
 .text.quorem   0x0000000000018ad2      0x10e /usr/local/gcc-arm-none-eabi-4_9-2015q1/bin/../lib/gcc/arm-none-eabi/4.9.3/../../../../arm-none-eabi/lib/armv6-m/libc_nano.a(lib_a-dtoa.o)
 .text._dtoa_r  0x0000000000018be0      0xc00 /usr/local/gcc-arm-none-eabi-4_9-2015q1/bin/../lib/gcc/arm-none-eabi/4.9.3/../../../../arm-none-eabi/lib/armv6-m/libc_nano.a(lib_a-dtoa.o)
                0x0000000000018be0                _dtoa_r
 .text._localeconv_r
                0x00000000000197e0        0x8 /usr/local/gcc-arm-none-eabi-4_9-2015q1/bin/../lib/gcc/arm-none-eabi/4.9.3/../../../../arm-none-eabi/lib/armv6-m/libc_nano.a(lib_a-locale.o)
                0x00000000000197e0                _localeconv_r
 .text.malloc   0x00000000000197e8       0x14 /usr/local/gcc-arm-none-eabi-4_9-2015q1/bin/../lib/gcc/arm-none-eabi/4.9.3/../../../../arm-none-eabi/lib/armv6-m/libc_nano.a(lib_a-malloc.o)
                0x00000000000197e8                malloc
 .text.memchr   0x00000000000197fc       0x16 /usr/local/gcc-arm-none-eabi-4_9-2015q1/bin/../lib/gcc/arm-none-eabi/4.9.3/../../../../arm-none-eabi/lib/armv6-m/libc_nano.a(lib_a-memchr.o)
                0x00000000000197fc                memchr
 .text.memcpy   0x0000000000019812       0x12 /usr/local/gcc-arm-none-eabi-4_9-2015q1/bin/../lib/gcc/arm-none-eabi/4.9.3/../../../../arm-none-eabi/lib/armv6-m/libc_nano.a(lib_a-memcpy.o)
                0x0000000000019812                memcpy
 .text._Balloc  0x0000000000019824       0x70 /usr/local/gcc-arm-none-eabi-4_9-2015q1/bin/../lib/gcc/arm-none-eabi/4.9.3/../../../../arm-none-eabi/lib/armv6-m/libc_nano.a(lib_a-mprec.o)
                0x0000000000019824                _Balloc
 .text._Bfree   0x0000000000019894       0x32 /usr/local/gcc-arm-none-eabi-4_9-2015q1/bin/../lib/gcc/arm-none-eabi/4.9.3/../../../../arm-none-eabi/lib/armv6-m/libc_nano.a(lib_a-mprec.o)
                0x0000000000019894                _Bfree
 .text.__multadd
                0x00000000000198c6       0x78 /usr/local/gcc-arm-none-eabi-4_9-2015q1/bin/../lib/gcc/arm-none-eabi/4.9.3/../../../../arm-none-eabi/lib/armv6-m/libc_nano.a(lib_a-mprec.o)
                0x00000000000198c6                __multadd
 .text.__hi0bits
                0x000000000001993e       0x36 /usr/local/gcc-arm-none-eabi-4_9-2015q1/bin/../lib/gcc/arm-none-eabi/4.9.3/../../../../arm-none-eabi/lib/armv6-m/libc_nano.a(lib_a-mprec.o)
                0x000000000001993e                __hi0bits
 .text.__lo0bits
                0x0000000000019974       0x5e /usr/local/gcc-arm-none-eabi-4_9-2015q1/bin/../lib/gcc/arm-none-eabi/4.9.3/../../../../arm-none-eabi/lib/armv6-m/libc_nano.a(lib_a-mprec.o)
                0x0000000000019974                __lo0bits
 .text.__i2b    0x00000000000199d2       0x12 /usr/local/gcc-arm-none-eabi-4_9-2015q1/bin/../lib/gcc/arm-none-eabi/4.9.3/../../../../arm-none-eabi/lib/armv6-m/libc_nano.a(lib_a-mprec.o)
                0x00000000000199d2                __i2b
 .text.__multiply
                0x00000000000199e4      0x11a /usr/local/gcc-arm-none-eabi-4_9-2015q1/bin/../lib/gcc/arm-none-eabi/4.9.3/../../../../arm-none-eabi/lib/armv6-m/libc_nano.a(lib_a-mprec.o)
                0x00000000000199e4                __multiply
 *fill*         0x0000000000019afe        0x2 
 .text.__pow5mult
                0x0000000000019b00       0xa4 /usr/local/gcc-arm-none-eabi-4_9-2015q1/bin/../lib/gcc/arm-none-eabi/4.9.3/../../../../arm-none-eabi/lib/armv6-m/libc_nano.a(lib_a-mprec.o)
                0x0000000000019b00                __pow5mult
 .text.__lshift
                0x0000000000019ba4       0xa4 /usr/local/gcc-arm-none-eabi-4_9-2015q1/bin/../lib/gcc/arm-none-eabi/4.9.3/../../../../arm-none-eabi/lib/armv6-m/libc_nano.a(lib_a-mprec.o)
                0x0000000000019ba4                __lshift
 .text.__mcmp   0x0000000000019c48       0x36 /usr/local/gcc-arm-none-eabi-4_9-2015q1/bin/../lib/gcc/arm-none-eabi/4.9.3/../../../../arm-none-eabi/lib/armv6-m/libc_nano.a(lib_a-mprec.o)
                0x0000000000019c48                __mcmp
 .text.__mdiff  0x0000000000019c7e       0xd6 /usr/local/gcc-arm-none-eabi-4_9-2015q1/bin/../lib/gcc/arm-none-eabi/4.9.3/../../../../arm-none-eabi/lib/armv6-m/libc_nano.a(lib_a-mprec.o)
                0x0000000000019c7e                __mdiff
 .text.__d2b    0x0000000000019d54       0xa8 /usr/local/gcc-arm-none-eabi-4_9-2015q1/bin/../lib/gcc/arm-none-eabi/4.9.3/../../../../arm-none-eabi/lib/armv6-m/libc_nano.a(lib_a-mprec.o)
                0x0000000000019d54                __d2b
 .text._calloc_r
                0x0000000000019dfc       0x1c /usr/local/gcc-arm-none-eabi-4_9-2015q1/bin/../lib/gcc/arm-none-eabi/4.9.3/../../../../arm-none-eabi/lib/armv6-m/libc_nano.a(lib_a-nano-callocr.o)
                0x0000000000019dfc                _calloc_r
 .text._free_r  0x0000000000019e18       0x8c /usr/local/gcc-arm-none-eabi-4_9-2015q1/bin/../lib/gcc/arm-none-eabi/4.9.3/../../../../arm-none-eabi/lib/armv6-m/libc_nano.a(lib_a-nano-freer.o)
                0x0000000000019e18                _free_r
 .text._malloc_r
                0x0000000000019ea4       0xb0 /usr/local/gcc-arm-none-eabi-4_9-2015q1/bin/../lib/gcc/arm-none-eabi/4.9.3/../../../../arm-none-eabi/lib/armv6-m/libc_nano.a(lib_a-nano-mallocr.o)
                0x0000000000019ea4                _malloc_r
 .text._sbrk_r  0x0000000000019f54       0x24 /usr/local/gcc-arm-none-eabi-4_9-2015q1/bin/../lib/gcc/arm-none-eabi/4.9.3/../../../../arm-none-eabi/lib/armv6-m/libc_nano.a(lib_a-sbrkr.o)
                0x0000000000019f54                _sbrk_r
 .text._sbrk    0x0000000000019f78       0x1c /usr/local/gcc-arm-none-eabi-4_9-2015q1/bin/../lib/gcc/arm-none-eabi/4.9.3/../../../../arm-none-eabi/lib/armv6-m/libnosys.a(sbrk.o)
                0x0000000000019f78                _sbrk
 .text._exit    0x0000000000019f94        0x4 /usr/local/gcc-arm-none-eabi-4_9-2015q1/bin/../lib/gcc/arm-none-eabi/4.9.3/../../../../arm-none-eabi/lib/armv6-m/libnosys.a(_exit.o)
                0x0000000000019f94                _exit
 .text.pwm_ready_callback
                0x0000000000019f98        0xc _build/main.o
                0x0000000000019f98                pwm_ready_callback
 .text.nus_data_handler
                0x0000000000019fa4       0x90 _build/main.o
 .text.set_dir.constprop.7
                0x000000000001a034       0x58 _build/main.o
 .text.services_init
                0x000000000001a08c       0x34 _build/main.o
                0x000000000001a08c                services_init
 .text.auto_move
                0x000000000001a0c0      0x1c4 _build/main.o
                0x000000000001a0c0                auto_move
 .text.startup.main
                0x000000000001a284      0x4fc _build/main.o
                0x000000000001a284                main
 .text.sd_ble_gap_disconnect
                0x000000000001a780        0x4 _build/ble_init.o
 .text.sd_ble_gap_ppcp_set
                0x000000000001a784        0x4 _build/ble_init.o
 .text.sd_ble_gap_device_name_set
                0x000000000001a788        0x4 _build/ble_init.o
 .text.sd_ble_gap_sec_params_reply
                0x000000000001a78c        0x4 _build/ble_init.o
 .text.sd_ble_gatts_sys_attr_set
                0x000000000001a790        0x4 _build/ble_init.o
 .text.sd_ble_enable
                0x000000000001a794        0x4 _build/ble_init.o
 .text.on_adv_evt
                0x000000000001a798        0x4 _build/ble_init.o
 .text.conn_params_error_handler
                0x000000000001a79c       0x14 _build/ble_init.o
 .text.on_conn_params_evt
                0x000000000001a7b0       0x2c _build/ble_init.o
 .text.ble_evt_dispatch
                0x000000000001a7dc       0x78 _build/ble_init.o
 .text.uart_event_handle
                0x000000000001a854       0x70 _build/ble_init.o
                0x000000000001a854                uart_event_handle
 .text.assert_nrf_callback
                0x000000000001a8c4       0x18 _build/ble_init.o
                0x000000000001a8c4                assert_nrf_callback
 .text.app_error_handler
                0x000000000001a8dc       0x14 _build/ble_init.o
                0x000000000001a8dc                app_error_handler
 .text.gap_params_init
                0x000000000001a8f0       0x84 _build/ble_init.o
                0x000000000001a8f0                gap_params_init
 .text.conn_params_init
                0x000000000001a974       0x54 _build/ble_init.o
                0x000000000001a974                conn_params_init
 .text.ble_stack_init
                0x000000000001a9c8       0x6c _build/ble_init.o
                0x000000000001a9c8                ble_stack_init
 .text.uart_init
                0x000000000001aa34       0x58 _build/ble_init.o
                0x000000000001aa34                uart_init
 .text.advertising_init
                0x000000000001aa8c       0x7c _build/ble_init.o
                0x000000000001aa8c                advertising_init
 .text.is_connected
                0x000000000001ab08       0x1c _build/ble_init.o
                0x000000000001ab08                is_connected
 .text.timer_hcsr04_event_handler
                0x000000000001ab24       0x18 _build/distance.o
                0x000000000001ab24                timer_hcsr04_event_handler
 .text.getDistance
                0x000000000001ab3c      0x104 _build/distance.o
                0x000000000001ab3c                getDistance
 .text.init_dist_measurement
                0x000000000001ac40       0x8c _build/distance.o
                0x000000000001ac40                init_dist_measurement
 .text.app_fifo_init
                0x000000000001accc       0x28 _build/app_fifo.o
                0x000000000001accc                app_fifo_init
 .text.app_fifo_put
                0x000000000001acf4       0x28 _build/app_fifo.o
                0x000000000001acf4                app_fifo_put
 .text.app_fifo_get
                0x000000000001ad1c       0x24 _build/app_fifo.o
                0x000000000001ad1c                app_fifo_get
 .text._write   0x000000000001ad40       0x1c _build/retarget.o
                0x000000000001ad40                _write
 .text._read    0x000000000001ad5c       0x14 _build/retarget.o
                0x000000000001ad5c                _read
 .text.pwm_ready_tick
                0x000000000001ad70       0x40 _build/app_pwm.o
                0x000000000001ad70                pwm_ready_tick
 .text.pwm_transition_0or100_to_n
                0x000000000001adb0       0xdc _build/app_pwm.o
 .text.pwm_transition_n_to_0or100
                0x000000000001ae8c       0xd4 _build/app_pwm.o
 .text.pwm_transition_n_to_m
                0x000000000001af60       0xd4 _build/app_pwm.o
 .text.app_pwm_channel_pulsewidth_ticks_set
                0x000000000001b034      0x160 _build/app_pwm.o
                0x000000000001b034                app_pwm_channel_pulsewidth_ticks_set
 .text.app_pwm_channel_duty_set
                0x000000000001b194      0x178 _build/app_pwm.o
                0x000000000001b194                app_pwm_channel_duty_set
 .text.app_pwm_init
                0x000000000001b30c      0x4c8 _build/app_pwm.o
                0x000000000001b30c                app_pwm_init
 .text.app_pwm_enable
                0x000000000001b7d4       0x14 _build/app_pwm.o
                0x000000000001b7d4                app_pwm_enable
 .text.gpiote_uart_event_handler
                0x000000000001b7e8       0xc0 _build/app_uart_fifo.o
 .text.UART0_IRQHandler
                0x000000000001b8a8      0x124 _build/app_uart_fifo.o
                0x000000000001b8a8                UART0_IRQHandler
 .text.app_uart_init
                0x000000000001b9cc      0x2b0 _build/app_uart_fifo.o
                0x000000000001b9cc                app_uart_init
 .text.app_uart_get
                0x000000000001bc7c       0x10 _build/app_uart_fifo.o
                0x000000000001bc7c                app_uart_get
 .text.app_uart_put
                0x000000000001bc8c       0x80 _build/app_uart_fifo.o
                0x000000000001bc8c                app_uart_put
 .text.nrf_delay_ms
                0x000000000001bd0c       0x3c _build/nrf_delay.o
                0x000000000001bd0c                nrf_delay_ms
 .text.nrf_drv_common_irq_enable
                0x000000000001bd48       0x80 _build/nrf_drv_common.o
                0x000000000001bd48                nrf_drv_common_irq_enable
 .text.pstorage_access_status_get
                0x000000000001bdc8       0x28 _build/pstorage.o
                0x000000000001bdc8                pstorage_access_status_get
 .text.nrf_drv_gpiote_init
                0x000000000001bdf0       0x74 _build/nrf_drv_gpiote.o
                0x000000000001bdf0                nrf_drv_gpiote_init
 .text.nrf_drv_gpiote_is_init
                0x000000000001be64       0x10 _build/nrf_drv_gpiote.o
                0x000000000001be64                nrf_drv_gpiote_is_init
 .text.nrf_drv_gpiote_out_init
                0x000000000001be74       0xdc _build/nrf_drv_gpiote.o
                0x000000000001be74                nrf_drv_gpiote_out_init
 .text.nrf_drv_gpiote_out_uninit
                0x000000000001bf50       0x34 _build/nrf_drv_gpiote.o
                0x000000000001bf50                nrf_drv_gpiote_out_uninit
 .text.nrf_drv_gpiote_out_task_enable
                0x000000000001bf84       0x3c _build/nrf_drv_gpiote.o
                0x000000000001bf84                nrf_drv_gpiote_out_task_enable
 .text.nrf_drv_gpiote_out_task_addr_get
                0x000000000001bfc0       0x1c _build/nrf_drv_gpiote.o
                0x000000000001bfc0                nrf_drv_gpiote_out_task_addr_get
 .text.nrf_drv_gpiote_out_task_force
                0x000000000001bfdc       0x3c _build/nrf_drv_gpiote.o
                0x000000000001bfdc                nrf_drv_gpiote_out_task_force
 .text.nrf_drv_gpiote_out_task_trigger
                0x000000000001c018       0x20 _build/nrf_drv_gpiote.o
                0x000000000001c018                nrf_drv_gpiote_out_task_trigger
 .text.nrf_drv_gpiote_in_init
                0x000000000001c038      0x18c _build/nrf_drv_gpiote.o
                0x000000000001c038                nrf_drv_gpiote_in_init
 .text.nrf_drv_gpiote_in_event_enable
                0x000000000001c1c4       0x9c _build/nrf_drv_gpiote.o
                0x000000000001c1c4                nrf_drv_gpiote_in_event_enable
 .text.nrf_drv_gpiote_in_is_set
                0x000000000001c260       0x14 _build/nrf_drv_gpiote.o
                0x000000000001c260                nrf_drv_gpiote_in_is_set
 .text.GPIOTE_IRQHandler
                0x000000000001c274      0x244 _build/nrf_drv_gpiote.o
                0x000000000001c274                GPIOTE_IRQHandler
 .text.sd_nvic_critical_region_enter
                0x000000000001c4b8        0x4 _build/nrf_drv_ppi.o
 .text.sd_nvic_critical_region_exit
                0x000000000001c4bc        0x4 _build/nrf_drv_ppi.o
 .text.nrf_drv_ppi_init
                0x000000000001c4c0       0x18 _build/nrf_drv_ppi.o
                0x000000000001c4c0                nrf_drv_ppi_init
 .text.nrf_drv_ppi_channel_alloc
                0x000000000001c4d8      0x13c _build/nrf_drv_ppi.o
                0x000000000001c4d8                nrf_drv_ppi_channel_alloc
 .text.nrf_drv_ppi_channel_free
                0x000000000001c614       0xd8 _build/nrf_drv_ppi.o
                0x000000000001c614                nrf_drv_ppi_channel_free
 .text.nrf_drv_ppi_channel_assign
                0x000000000001c6ec       0x48 _build/nrf_drv_ppi.o
                0x000000000001c6ec                nrf_drv_ppi_channel_assign
 .text.nrf_drv_ppi_channel_enable
                0x000000000001c734       0x30 _build/nrf_drv_ppi.o
                0x000000000001c734                nrf_drv_ppi_channel_enable
 .text.nrf_drv_ppi_channel_disable
                0x000000000001c764       0x30 _build/nrf_drv_ppi.o
                0x000000000001c764                nrf_drv_ppi_channel_disable
 .text.nrf_drv_ppi_group_alloc
                0x000000000001c794      0x138 _build/nrf_drv_ppi.o
                0x000000000001c794                nrf_drv_ppi_group_alloc
 .text.nrf_drv_ppi_group_free
                0x000000000001c8cc       0xe4 _build/nrf_drv_ppi.o
                0x000000000001c8cc                nrf_drv_ppi_group_free
 .text.nrf_drv_ppi_group_enable
                0x000000000001c9b0       0x30 _build/nrf_drv_ppi.o
                0x000000000001c9b0                nrf_drv_ppi_group_enable
 .text.nrf_drv_ppi_group_disable
                0x000000000001c9e0       0x24 _build/nrf_drv_ppi.o
                0x000000000001c9e0                nrf_drv_ppi_group_disable
 .text.nrf_drv_ppi_channels_remove_from_group
                0x000000000001ca04      0x100 _build/nrf_drv_ppi.o
                0x000000000001ca04                nrf_drv_ppi_channels_remove_from_group
 .text.nrf_drv_ppi_channels_include_in_group
                0x000000000001cb04      0x100 _build/nrf_drv_ppi.o
                0x000000000001cb04                nrf_drv_ppi_channels_include_in_group
 .text.nrf_drv_timer_init
                0x000000000001cc04       0xa4 _build/nrf_drv_timer.o
                0x000000000001cc04                nrf_drv_timer_init
 .text.nrf_drv_timer_uninit
                0x000000000001cca8       0x74 _build/nrf_drv_timer.o
                0x000000000001cca8                nrf_drv_timer_uninit
 .text.nrf_drv_timer_enable
                0x000000000001cd1c       0x14 _build/nrf_drv_timer.o
                0x000000000001cd1c                nrf_drv_timer_enable
 .text.nrf_drv_timer_clear
                0x000000000001cd30        0x8 _build/nrf_drv_timer.o
                0x000000000001cd30                nrf_drv_timer_clear
 .text.nrf_drv_timer_compare_event_address_get
                0x000000000001cd38        0xc _build/nrf_drv_timer.o
                0x000000000001cd38                nrf_drv_timer_compare_event_address_get
 .text.nrf_drv_timer_capture_get
                0x000000000001cd44        0xc _build/nrf_drv_timer.o
                0x000000000001cd44                nrf_drv_timer_capture_get
 .text.nrf_drv_timer_compare
                0x000000000001cd50       0x2c _build/nrf_drv_timer.o
                0x000000000001cd50                nrf_drv_timer_compare
 .text.nrf_drv_timer_extended_compare
                0x000000000001cd7c       0x4c _build/nrf_drv_timer.o
                0x000000000001cd7c                nrf_drv_timer_extended_compare
 .text.nrf_drv_timer_us_to_ticks
                0x000000000001cdc8       0x1c _build/nrf_drv_timer.o
                0x000000000001cdc8                nrf_drv_timer_us_to_ticks
 .text.nrf_drv_timer_compare_int_enable
                0x000000000001cde4       0x24 _build/nrf_drv_timer.o
                0x000000000001cde4                nrf_drv_timer_compare_int_enable
 .text.nrf_drv_timer_compare_int_disable
                0x000000000001ce08       0x14 _build/nrf_drv_timer.o
                0x000000000001ce08                nrf_drv_timer_compare_int_disable
 .text.TIMER1_IRQHandler
                0x000000000001ce1c       0xc0 _build/nrf_drv_timer.o
                0x000000000001ce1c                TIMER1_IRQHandler
 .text.TIMER2_IRQHandler
                0x000000000001cedc       0xc0 _build/nrf_drv_timer.o
                0x000000000001cedc                TIMER2_IRQHandler
 .text.rtc1_stop
                0x000000000001cf9c       0x78 _build/app_timer.o
 .text.RTC1_IRQHandler
                0x000000000001d014       0xe4 _build/app_timer.o
                0x000000000001d014                RTC1_IRQHandler
 .text.SWI0_IRQHandler
                0x000000000001d0f8      0x510 _build/app_timer.o
                0x000000000001d0f8                SWI0_IRQHandler
 .text.app_timer_init
                0x000000000001d608      0x108 _build/app_timer.o
                0x000000000001d608                app_timer_init
 .text.app_timer_create
                0x000000000001d710       0x68 _build/app_timer.o
                0x000000000001d710                app_timer_create
 .text.app_timer_start
                0x000000000001d778      0x11c _build/app_timer.o
                0x000000000001d778                app_timer_start
 .text.app_timer_stop
                0x000000000001d894       0xe8 _build/app_timer.o
                0x000000000001d894                app_timer_stop
 .text.sd_ble_gap_adv_data_set
                0x000000000001d97c        0x4 _build/ble_advdata.o
 .text.sd_ble_gap_appearance_get
                0x000000000001d980        0x4 _build/ble_advdata.o
 .text.sd_ble_gap_device_name_get
                0x000000000001d984        0x4 _build/ble_advdata.o
 .text.sd_ble_uuid_encode
                0x000000000001d988        0x4 _build/ble_advdata.o
 .text.uuid_list_sized_encode
                0x000000000001d98c       0xdc _build/ble_advdata.o
 .text.ble_advdata_set
                0x000000000001da68      0x77c _build/ble_advdata.o
                0x000000000001da68                ble_advdata_set
 .text.sd_ble_gap_adv_start
                0x000000000001e1e4        0x4 _build/ble_advertising.o
 .text.ble_advertising_init
                0x000000000001e1e8      0x17c _build/ble_advertising.o
                0x000000000001e1e8                ble_advertising_init
 .text.ble_advertising_start
                0x000000000001e364      0x240 _build/ble_advertising.o
                0x000000000001e364                ble_advertising_start
 .text.ble_advertising_on_ble_evt
                0x000000000001e5a4       0xe4 _build/ble_advertising.o
                0x000000000001e5a4                ble_advertising_on_ble_evt
 .text.sd_ble_gap_conn_param_update
                0x000000000001e688        0x4 _build/ble_conn_params.o
 .text.sd_ble_gap_disconnect
                0x000000000001e68c        0x4 _build/ble_conn_params.o
 .text.sd_ble_gap_ppcp_set
                0x000000000001e690        0x4 _build/ble_conn_params.o
 .text.sd_ble_gap_ppcp_get
                0x000000000001e694        0x4 _build/ble_conn_params.o
 .text.update_timeout_handler
                0x000000000001e698       0x78 _build/ble_conn_params.o
 .text.conn_params_negotiation
                0x000000000001e710       0x8c _build/ble_conn_params.o
 .text.ble_conn_params_init
                0x000000000001e79c       0x78 _build/ble_conn_params.o
                0x000000000001e79c                ble_conn_params_init
 .text.ble_conn_params_on_ble_evt
                0x000000000001e814       0xb0 _build/ble_conn_params.o
                0x000000000001e814                ble_conn_params_on_ble_evt
 .text.sd_ble_gatts_service_add
                0x000000000001e8c4        0x4 _build/ble_nus.o
 .text.sd_ble_gatts_characteristic_add
                0x000000000001e8c8        0x4 _build/ble_nus.o
 .text.sd_ble_gatts_hvx
                0x000000000001e8cc        0x4 _build/ble_nus.o
 .text.sd_ble_uuid_vs_add
                0x000000000001e8d0        0x4 _build/ble_nus.o
 .text.ble_nus_on_ble_evt
                0x000000000001e8d4       0x60 _build/ble_nus.o
                0x000000000001e8d4                ble_nus_on_ble_evt
 .text.ble_nus_init
                0x000000000001e934      0x208 _build/ble_nus.o
                0x000000000001e934                ble_nus_init
 .text.ble_nus_string_send
                0x000000000001eb3c       0x5c _build/ble_nus.o
                0x000000000001eb3c                ble_nus_string_send
 .text.SWI1_IRQHandler
                0x000000000001eb98       0x20 _build/ble_radio_notification.o
                0x000000000001eb98                SWI1_IRQHandler
 .text.SystemInit
                0x000000000001ebb8       0x9c _build/system_nrf51.o
                0x000000000001ebb8                SystemInit
 .text.sd_nvic_EnableIRQ
                0x000000000001ec54        0x4 _build/softdevice_handler.o
 .text.sd_evt_get
                0x000000000001ec58        0x4 _build/softdevice_handler.o
 .text.sd_softdevice_enable
                0x000000000001ec5c        0x4 _build/softdevice_handler.o
 .text.sd_ble_evt_get
                0x000000000001ec60        0x4 _build/softdevice_handler.o
 .text.softdevice_assertion_handler
                0x000000000001ec64        0xc _build/softdevice_handler.o
                0x000000000001ec64                softdevice_assertion_handler
 .text.intern_softdevice_events_execute.part.0
                0x000000000001ec70       0xe0 _build/softdevice_handler.o
 .text.softdevice_handler_init
                0x000000000001ed50       0x4c _build/softdevice_handler.o
                0x000000000001ed50                softdevice_handler_init
 .text.softdevice_ble_evt_handler_set
                0x000000000001ed9c       0x14 _build/softdevice_handler.o
                0x000000000001ed9c                softdevice_ble_evt_handler_set
 .text.SWI2_IRQHandler
                0x000000000001edb0       0x34 _build/softdevice_handler.o
                0x000000000001edb0                SWI2_IRQHandler
 .text          0x000000000001ede4       0x54 _build/gcc_startup_nrf51.o
                0x000000000001ede4                Reset_Handler
                0x000000000001ee2c                NMI_Handler
                0x000000000001ee2e                HardFault_Handler
                0x000000000001ee30                SVC_Handler
                0x000000000001ee32                PendSV_Handler
                0x000000000001ee34                SysTick_Handler
                0x000000000001ee36                TEMP_IRQHandler
                0x000000000001ee36                QDEC_IRQHandler
                0x000000000001ee36                SWI5_IRQHandler
                0x000000000001ee36                TIMER0_IRQHandler
                0x000000000001ee36                ECB_IRQHandler
                0x000000000001ee36                Default_Handler
                0x000000000001ee36                ADC_IRQHandler
                0x000000000001ee36                SWI3_IRQHandler
                0x000000000001ee36                CCM_AAR_IRQHandler
                0x000000000001ee36                WDT_IRQHandler
                0x000000000001ee36                RNG_IRQHandler
                0x000000000001ee36                SPI0_TWI0_IRQHandler
                0x000000000001ee36                SPI1_TWI1_IRQHandler
                0x000000000001ee36                RTC0_IRQHandler
                0x000000000001ee36                POWER_CLOCK_IRQHandler
                0x000000000001ee36                RADIO_IRQHandler
                0x000000000001ee36                LPCOMP_IRQHandler
                0x000000000001ee36                SWI4_IRQHandler
 .text          0x000000000001ee38       0x14 /usr/local/gcc-arm-none-eabi-4_9-2015q1/bin/../lib/gcc/arm-none-eabi/4.9.3/armv6-m/libgcc.a(_thumb1_case_uqi.o)
                0x000000000001ee38                __gnu_thumb1_case_uqi
 .text          0x000000000001ee4c      0x120 /usr/local/gcc-arm-none-eabi-4_9-2015q1/bin/../lib/gcc/arm-none-eabi/4.9.3/armv6-m/libgcc.a(_udivsi3.o)
                0x000000000001ee4c                __udivsi3
                0x000000000001ee4c                __aeabi_uidiv
                0x000000000001ef58                __aeabi_uidivmod
 .text          0x000000000001ef6c      0x1e0 /usr/local/gcc-arm-none-eabi-4_9-2015q1/bin/../lib/gcc/arm-none-eabi/4.9.3/armv6-m/libgcc.a(_divsi3.o)
                0x000000000001ef6c                __aeabi_idiv
                0x000000000001ef6c                __divsi3
                0x000000000001f138                __aeabi_idivmod
 .text          0x000000000001f14c        0x4 /usr/local/gcc-arm-none-eabi-4_9-2015q1/bin/../lib/gcc/arm-none-eabi/4.9.3/armv6-m/libgcc.a(_dvmd_tls.o)
                0x000000000001f14c                __aeabi_ldiv0
                0x000000000001f14c                __aeabi_idiv0
 .text          0x000000000001f150       0x7c /usr/local/gcc-arm-none-eabi-4_9-2015q1/bin/../lib/gcc/arm-none-eabi/4.9.3/armv6-m/libgcc.a(_arm_cmpdf2.o)
                0x000000000001f150                __aeabi_cdrcmple
                0x000000000001f160                __aeabi_cdcmple
                0x000000000001f160                __aeabi_cdcmpeq
                0x000000000001f170                __aeabi_dcmpeq
                0x000000000001f17c                __aeabi_dcmplt
                0x000000000001f190                __aeabi_dcmple
                0x000000000001f1a4                __aeabi_dcmpgt
                0x000000000001f1b8                __aeabi_dcmpge
 .text          0x000000000001f1cc       0x74 /usr/local/gcc-arm-none-eabi-4_9-2015q1/bin/../lib/gcc/arm-none-eabi/4.9.3/armv6-m/libgcc.a(_arm_cmpsf2.o)
                0x000000000001f1cc                __aeabi_cfrcmple
                0x000000000001f1d4                __aeabi_cfcmple
                0x000000000001f1d4                __aeabi_cfcmpeq
                0x000000000001f1e4                __aeabi_fcmpeq
                0x000000000001f1f0                __aeabi_fcmplt
                0x000000000001f204                __aeabi_fcmple
                0x000000000001f218                __aeabi_fcmpgt
                0x000000000001f22c                __aeabi_fcmpge
 .text          0x000000000001f240       0x54 /usr/local/gcc-arm-none-eabi-4_9-2015q1/bin/../lib/gcc/arm-none-eabi/4.9.3/armv6-m/libgcc.a(eqsf2.o)
                0x000000000001f240                __nesf2
                0x000000000001f240                __eqsf2
 .text          0x000000000001f294       0x94 /usr/local/gcc-arm-none-eabi-4_9-2015q1/bin/../lib/gcc/arm-none-eabi/4.9.3/armv6-m/libgcc.a(gesf2.o)
                0x000000000001f294                __gtsf2
                0x000000000001f294                __gesf2
 .text          0x000000000001f328       0x8c /usr/local/gcc-arm-none-eabi-4_9-2015q1/bin/../lib/gcc/arm-none-eabi/4.9.3/armv6-m/libgcc.a(lesf2.o)
                0x000000000001f328                __lesf2
                0x000000000001f328                __ltsf2
 .text          0x000000000001f3b4      0x264 /usr/local/gcc-arm-none-eabi-4_9-2015q1/bin/../lib/gcc/arm-none-eabi/4.9.3/armv6-m/libgcc.a(mulsf3.o)
                0x000000000001f3b4                __aeabi_fmul
 .text          0x000000000001f618       0x90 /usr/local/gcc-arm-none-eabi-4_9-2015q1/bin/../lib/gcc/arm-none-eabi/4.9.3/armv6-m/libgcc.a(floatunsisf.o)
                0x000000000001f618                __aeabi_ui2f
 .text          0x000000000001f6a8      0x650 /usr/local/gcc-arm-none-eabi-4_9-2015q1/bin/../lib/gcc/arm-none-eabi/4.9.3/armv6-m/libgcc.a(adddf3.o)
                0x000000000001f6a8                __aeabi_dadd
 .text          0x000000000001fcf8      0x648 /usr/local/gcc-arm-none-eabi-4_9-2015q1/bin/../lib/gcc/arm-none-eabi/4.9.3/armv6-m/libgcc.a(divdf3.o)
                0x000000000001fcf8                __aeabi_ddiv
 .text          0x0000000000020340       0x88 /usr/local/gcc-arm-none-eabi-4_9-2015q1/bin/../lib/gcc/arm-none-eabi/4.9.3/armv6-m/libgcc.a(eqdf2.o)
                0x0000000000020340                __eqdf2
                0x0000000000020340                __nedf2
 .text          0x00000000000203c8       0xe0 /usr/local/gcc-arm-none-eabi-4_9-2015q1/bin/../lib/gcc/arm-none-eabi/4.9.3/armv6-m/libgcc.a(gedf2.o)
                0x00000000000203c8                __gtdf2
                0x00000000000203c8                __gedf2
 .text          0x00000000000204a8       0xcc /usr/local/gcc-arm-none-eabi-4_9-2015q1/bin/../lib/gcc/arm-none-eabi/4.9.3/armv6-m/libgcc.a(ledf2.o)
                0x00000000000204a8                __ltdf2
                0x00000000000204a8                __ledf2
 .text          0x0000000000020574      0x534 /usr/local/gcc-arm-none-eabi-4_9-2015q1/bin/../lib/gcc/arm-none-eabi/4.9.3/armv6-m/libgcc.a(muldf3.o)
                0x0000000000020574                __aeabi_dmul
 .text          0x0000000000020aa8      0x6f4 /usr/local/gcc-arm-none-eabi-4_9-2015q1/bin/../lib/gcc/arm-none-eabi/4.9.3/armv6-m/libgcc.a(subdf3.o)
                0x0000000000020aa8                __aeabi_dsub
 .text          0x000000000002119c       0x6c /usr/local/gcc-arm-none-eabi-4_9-2015q1/bin/../lib/gcc/arm-none-eabi/4.9.3/armv6-m/libgcc.a(fixdfsi.o)
                0x000000000002119c                __aeabi_d2iz
 .text          0x0000000000021208       0x78 /usr/local/gcc-arm-none-eabi-4_9-2015q1/bin/../lib/gcc/arm-none-eabi/4.9.3/armv6-m/libgcc.a(floatsidf.o)
                0x0000000000021208                __aeabi_i2d
 .text          0x0000000000021280       0x64 /usr/local/gcc-arm-none-eabi-4_9-2015q1/bin/../lib/gcc/arm-none-eabi/4.9.3/armv6-m/libgcc.a(floatunsidf.o)
                0x0000000000021280                __aeabi_ui2d
 .text          0x00000000000212e4       0xa8 /usr/local/gcc-arm-none-eabi-4_9-2015q1/bin/../lib/gcc/arm-none-eabi/4.9.3/armv6-m/libgcc.a(extendsfdf2.o)
                0x00000000000212e4                __aeabi_f2d
 .text          0x000000000002138c      0x120 /usr/local/gcc-arm-none-eabi-4_9-2015q1/bin/../lib/gcc/arm-none-eabi/4.9.3/armv6-m/libgcc.a(truncdfsf2.o)
                0x000000000002138c                __aeabi_d2f
 .text          0x00000000000214ac       0x3c /usr/local/gcc-arm-none-eabi-4_9-2015q1/bin/../lib/gcc/arm-none-eabi/4.9.3/armv6-m/libgcc.a(_clzsi2.o)
                0x00000000000214ac                __clzsi2
 .text.printf   0x00000000000214e8       0x34 /usr/local/gcc-arm-none-eabi-4_9-2015q1/bin/../lib/gcc/arm-none-eabi/4.9.3/../../../../arm-none-eabi/lib/armv6-m/libc_nano.a(lib_a-printf.o)
                0x00000000000214e8                printf
                0x00000000000214e8                iprintf
 .text.strstr   0x000000000002151c       0x36 /usr/local/gcc-arm-none-eabi-4_9-2015q1/bin/../lib/gcc/arm-none-eabi/4.9.3/../../../../arm-none-eabi/lib/armv6-m/libc_nano.a(lib_a-strstr.o)
                0x000000000002151c                strstr
 *fill*         0x0000000000021552        0x2 
 .text._cleanup_r
                0x0000000000021554       0x10 /usr/local/gcc-arm-none-eabi-4_9-2015q1/bin/../lib/gcc/arm-none-eabi/4.9.3/../../../../arm-none-eabi/lib/armv6-m/libc_nano.a(lib_a-findfp.o)
                0x0000000000021554                _cleanup_r
 .text.std.isra.0
                0x0000000000021564       0x48 /usr/local/gcc-arm-none-eabi-4_9-2015q1/bin/../lib/gcc/arm-none-eabi/4.9.3/../../../../arm-none-eabi/lib/armv6-m/libc_nano.a(lib_a-findfp.o)
 .text.__sfmoreglue
                0x00000000000215ac       0x2c /usr/local/gcc-arm-none-eabi-4_9-2015q1/bin/../lib/gcc/arm-none-eabi/4.9.3/../../../../arm-none-eabi/lib/armv6-m/libc_nano.a(lib_a-findfp.o)
                0x00000000000215ac                __sfmoreglue
 .text.__sinit  0x00000000000215d8       0x64 /usr/local/gcc-arm-none-eabi-4_9-2015q1/bin/../lib/gcc/arm-none-eabi/4.9.3/../../../../arm-none-eabi/lib/armv6-m/libc_nano.a(lib_a-findfp.o)
                0x00000000000215d8                __sinit
 .text.__sfp    0x000000000002163c       0x7c /usr/local/gcc-arm-none-eabi-4_9-2015q1/bin/../lib/gcc/arm-none-eabi/4.9.3/../../../../arm-none-eabi/lib/armv6-m/libc_nano.a(lib_a-findfp.o)
                0x000000000002163c                __sfp
 .text._fwalk_reent
                0x00000000000216b8       0x42 /usr/local/gcc-arm-none-eabi-4_9-2015q1/bin/../lib/gcc/arm-none-eabi/4.9.3/../../../../arm-none-eabi/lib/armv6-m/libc_nano.a(lib_a-fwalk.o)
                0x00000000000216b8                _fwalk_reent
 .text.__sfputc_r
                0x00000000000216fa       0x2a /usr/local/gcc-arm-none-eabi-4_9-2015q1/bin/../lib/gcc/arm-none-eabi/4.9.3/../../../../arm-none-eabi/lib/armv6-m/libc_nano.a(lib_a-nano-vfprintf.o)
 .text.__sfputs_r
                0x0000000000021724       0x24 /usr/local/gcc-arm-none-eabi-4_9-2015q1/bin/../lib/gcc/arm-none-eabi/4.9.3/../../../../arm-none-eabi/lib/armv6-m/libc_nano.a(lib_a-nano-vfprintf.o)
                0x0000000000021724                __sfputs_r
 .text._vfprintf_r
                0x0000000000021748      0x220 /usr/local/gcc-arm-none-eabi-4_9-2015q1/bin/../lib/gcc/arm-none-eabi/4.9.3/../../../../arm-none-eabi/lib/armv6-m/libc_nano.a(lib_a-nano-vfprintf.o)
                0x0000000000021748                _vfiprintf_r
                0x0000000000021748                _vfprintf_r
 .text.__sread  0x0000000000021968       0x28 /usr/local/gcc-arm-none-eabi-4_9-2015q1/bin/../lib/gcc/arm-none-eabi/4.9.3/../../../../arm-none-eabi/lib/armv6-m/libc_nano.a(lib_a-stdio.o)
                0x0000000000021968                __sread
 .text.__swrite
                0x0000000000021990       0x38 /usr/local/gcc-arm-none-eabi-4_9-2015q1/bin/../lib/gcc/arm-none-eabi/4.9.3/../../../../arm-none-eabi/lib/armv6-m/libc_nano.a(lib_a-stdio.o)
                0x0000000000021990                __swrite
 .text.__sseek  0x00000000000219c8       0x2c /usr/local/gcc-arm-none-eabi-4_9-2015q1/bin/../lib/gcc/arm-none-eabi/4.9.3/../../../../arm-none-eabi/lib/armv6-m/libc_nano.a(lib_a-stdio.o)
                0x00000000000219c8                __sseek
 .text.__sclose
                0x00000000000219f4        0xc /usr/local/gcc-arm-none-eabi-4_9-2015q1/bin/../lib/gcc/arm-none-eabi/4.9.3/../../../../arm-none-eabi/lib/armv6-m/libc_nano.a(lib_a-stdio.o)
                0x00000000000219f4                __sclose
 .text.__swbuf_r
                0x0000000000021a00       0xb0 /usr/local/gcc-arm-none-eabi-4_9-2015q1/bin/../lib/gcc/arm-none-eabi/4.9.3/../../../../arm-none-eabi/lib/armv6-m/libc_nano.a(lib_a-wbuf.o)
                0x0000000000021a00                __swbuf_r
 .text._write_r
                0x0000000000021ab0       0x28 /usr/local/gcc-arm-none-eabi-4_9-2015q1/bin/../lib/gcc/arm-none-eabi/4.9.3/../../../../arm-none-eabi/lib/armv6-m/libc_nano.a(lib_a-writer.o)
                0x0000000000021ab0                _write_r
 .text.__swsetup_r
                0x0000000000021ad8       0xe8 /usr/local/gcc-arm-none-eabi-4_9-2015q1/bin/../lib/gcc/arm-none-eabi/4.9.3/../../../../arm-none-eabi/lib/armv6-m/libc_nano.a(lib_a-wsetup.o)
                0x0000000000021ad8                __swsetup_r
 .text._close_r
                0x0000000000021bc0       0x24 /usr/local/gcc-arm-none-eabi-4_9-2015q1/bin/../lib/gcc/arm-none-eabi/4.9.3/../../../../arm-none-eabi/lib/armv6-m/libc_nano.a(lib_a-closer.o)
                0x0000000000021bc0                _close_r
 .text.__sflush_r
                0x0000000000021be4      0x112 /usr/local/gcc-arm-none-eabi-4_9-2015q1/bin/../lib/gcc/arm-none-eabi/4.9.3/../../../../arm-none-eabi/lib/armv6-m/libc_nano.a(lib_a-fflush.o)
                0x0000000000021be4                __sflush_r
 *fill*         0x0000000000021cf6        0x2 
 .text._fflush_r
                0x0000000000021cf8       0x58 /usr/local/gcc-arm-none-eabi-4_9-2015q1/bin/../lib/gcc/arm-none-eabi/4.9.3/../../../../arm-none-eabi/lib/armv6-m/libc_nano.a(lib_a-fflush.o)
                0x0000000000021cf8                _fflush_r
 .text._lseek_r
                0x0000000000021d50       0x28 /usr/local/gcc-arm-none-eabi-4_9-2015q1/bin/../lib/gcc/arm-none-eabi/4.9.3/../../../../arm-none-eabi/lib/armv6-m/libc_nano.a(lib_a-lseekr.o)
                0x0000000000021d50                _lseek_r
 .text.__smakebuf_r
                0x0000000000021d78       0xb0 /usr/local/gcc-arm-none-eabi-4_9-2015q1/bin/../lib/gcc/arm-none-eabi/4.9.3/../../../../arm-none-eabi/lib/armv6-m/libc_nano.a(lib_a-makebuf.o)
                0x0000000000021d78                __smakebuf_r
 .text._read_r  0x0000000000021e28       0x28 /usr/local/gcc-arm-none-eabi-4_9-2015q1/bin/../lib/gcc/arm-none-eabi/4.9.3/../../../../arm-none-eabi/lib/armv6-m/libc_nano.a(lib_a-readr.o)
                0x0000000000021e28                _read_r
 .text._fstat_r
                0x0000000000021e50       0x24 /usr/local/gcc-arm-none-eabi-4_9-2015q1/bin/../lib/gcc/arm-none-eabi/4.9.3/../../../../arm-none-eabi/lib/armv6-m/libc_nano.a(lib_a-fstatr.o)
                0x0000000000021e50                _fstat_r
 .text._isatty_r
                0x0000000000021e74       0x24 /usr/local/gcc-arm-none-eabi-4_9-2015q1/bin/../lib/gcc/arm-none-eabi/4.9.3/../../../../arm-none-eabi/lib/armv6-m/libc_nano.a(lib_a-isattyr.o)
                0x0000000000021e74                _isatty_r
 .text._close   0x0000000000021e98       0x10 /usr/local/gcc-arm-none-eabi-4_9-2015q1/bin/../lib/gcc/arm-none-eabi/4.9.3/../../../../arm-none-eabi/lib/armv6-m/libnosys.a(close.o)
                0x0000000000021e98                _close
 .text._fstat   0x0000000000021ea8       0x10 /usr/local/gcc-arm-none-eabi-4_9-2015q1/bin/../lib/gcc/arm-none-eabi/4.9.3/../../../../arm-none-eabi/lib/armv6-m/libnosys.a(fstat.o)
                0x0000000000021ea8                _fstat
 .text._isatty  0x0000000000021eb8       0x10 /usr/local/gcc-arm-none-eabi-4_9-2015q1/bin/../lib/gcc/arm-none-eabi/4.9.3/../../../../arm-none-eabi/lib/armv6-m/libnosys.a(isatty.o)
                0x0000000000021eb8                _isatty
 .text._lseek   0x0000000000021ec8       0x10 /usr/local/gcc-arm-none-eabi-4_9-2015q1/bin/../lib/gcc/arm-none-eabi/4.9.3/../../../../arm-none-eabi/lib/armv6-m/libnosys.a(lseek.o)
                0x0000000000021ec8                _lseek
 *(.init)
 .init          0x0000000000021ed8        0x4 /usr/local/gcc-arm-none-eabi-4_9-2015q1/bin/../lib/gcc/arm-none-eabi/4.9.3/armv6-m/crti.o
                0x0000000000021ed8                _init
 .init          0x0000000000021edc        0x8 /usr/local/gcc-arm-none-eabi-4_9-2015q1/bin/../lib/gcc/arm-none-eabi/4.9.3/armv6-m/crtn.o
 *(.fini)
 .fini          0x0000000000021ee4        0x4 /usr/local/gcc-arm-none-eabi-4_9-2015q1/bin/../lib/gcc/arm-none-eabi/4.9.3/armv6-m/crti.o
                0x0000000000021ee4                _fini
 .fini          0x0000000000021ee8        0x8 /usr/local/gcc-arm-none-eabi-4_9-2015q1/bin/../lib/gcc/arm-none-eabi/4.9.3/armv6-m/crtn.o
 *crtbegin.o(.ctors)
 *crtbegin?.o(.ctors)
 *(EXCLUDE_FILE(*crtend.o *crtend?.o) .ctors)
 *(SORT(.ctors.*))
 *(.ctors)
 *crtbegin.o(.dtors)
 *crtbegin?.o(.dtors)
 *(EXCLUDE_FILE(*crtend.o *crtend?.o) .dtors)
 *(SORT(.dtors.*))
 *(.dtors)
 *(.rodata*)
 .rodata.str1.1
                0x0000000000021ef0        0x2 /usr/local/gcc-arm-none-eabi-4_9-2015q1/bin/../lib/gcc/arm-none-eabi/4.9.3/../../../../arm-none-eabi/lib/armv6-m/libc_nano.a(lib_a-impure.o)
 *fill*         0x0000000000021ef2        0x2 
 .rodata._global_impure_ptr
                0x0000000000021ef4        0x4 /usr/local/gcc-arm-none-eabi-4_9-2015q1/bin/../lib/gcc/arm-none-eabi/4.9.3/../../../../arm-none-eabi/lib/armv6-m/libc_nano.a(lib_a-impure.o)
                0x0000000000021ef4                _global_impure_ptr
 .rodata.str1.1
                0x0000000000021ef8       0x12 /usr/local/gcc-arm-none-eabi-4_9-2015q1/bin/../lib/gcc/arm-none-eabi/4.9.3/../../../../arm-none-eabi/lib/armv6-m/libc_nano.a(lib_a-nano-vfprintf_float.o)
 .rodata.str1.1
                0x0000000000021f0a       0x22 /usr/local/gcc-arm-none-eabi-4_9-2015q1/bin/../lib/gcc/arm-none-eabi/4.9.3/../../../../arm-none-eabi/lib/armv6-m/libc_nano.a(lib_a-nano-vfprintf_i.o)
 .rodata.str1.1
                0x0000000000021f2c        0xd /usr/local/gcc-arm-none-eabi-4_9-2015q1/bin/../lib/gcc/arm-none-eabi/4.9.3/../../../../arm-none-eabi/lib/armv6-m/libc_nano.a(lib_a-dtoa.o)
                                          0xf (size before relaxing)
 .rodata.str1.1
                0x0000000000021f39        0x8 /usr/local/gcc-arm-none-eabi-4_9-2015q1/bin/../lib/gcc/arm-none-eabi/4.9.3/../../../../arm-none-eabi/lib/armv6-m/libc_nano.a(lib_a-locale.o)
                                          0xb (size before relaxing)
 *fill*         0x0000000000021f41        0x7 
 .rodata.__mprec_tens
                0x0000000000021f48       0xc8 /usr/local/gcc-arm-none-eabi-4_9-2015q1/bin/../lib/gcc/arm-none-eabi/4.9.3/../../../../arm-none-eabi/lib/armv6-m/libc_nano.a(lib_a-mprec.o)
                0x0000000000021f48                __mprec_tens
 .rodata.__mprec_bigtens
                0x0000000000022010       0x28 /usr/local/gcc-arm-none-eabi-4_9-2015q1/bin/../lib/gcc/arm-none-eabi/4.9.3/../../../../arm-none-eabi/lib/armv6-m/libc_nano.a(lib_a-mprec.o)
                0x0000000000022010                __mprec_bigtens
 .rodata.p05.5308
                0x0000000000022038        0xc /usr/local/gcc-arm-none-eabi-4_9-2015q1/bin/../lib/gcc/arm-none-eabi/4.9.3/../../../../arm-none-eabi/lib/armv6-m/libc_nano.a(lib_a-mprec.o)
 .rodata.main   0x0000000000022044       0x14 _build/main.o
 .rodata.m_pwm_PWM1_timer
                0x0000000000022058        0x8 _build/main.o
                0x0000000000022058                m_pwm_PWM1_timer
 .rodata.str1.4
                0x0000000000022060       0x6f _build/main.o
                                         0x70 (size before relaxing)
 *fill*         0x00000000000220cf        0x1 
 .rodata.PWM1   0x00000000000220d0        0x8 _build/main.o
                0x00000000000220d0                PWM1
 .rodata        0x00000000000220d8       0x10 _build/ble_init.o
 .rodata.str1.4
                0x00000000000220e8       0x28 _build/ble_init.o
 .rodata.TIMER_HCSR04
                0x0000000000022110        0x8 _build/distance.o
                0x0000000000022110                TIMER_HCSR04
 .rodata.m_default_config
                0x0000000000022118       0x10 _build/nrf_drv_timer.o
 .rodata        0x0000000000022128       0x10 _build/ble_nus.o
 .rodata        0x0000000000022138       0x40 /usr/local/gcc-arm-none-eabi-4_9-2015q1/bin/../lib/gcc/arm-none-eabi/4.9.3/armv6-m/libgcc.a(mulsf3.o)
 .rodata        0x0000000000022178       0x40 /usr/local/gcc-arm-none-eabi-4_9-2015q1/bin/../lib/gcc/arm-none-eabi/4.9.3/armv6-m/libgcc.a(divdf3.o)
 .rodata        0x00000000000221b8       0x40 /usr/local/gcc-arm-none-eabi-4_9-2015q1/bin/../lib/gcc/arm-none-eabi/4.9.3/armv6-m/libgcc.a(muldf3.o)
 .rodata.__sf_fake_stdin
                0x00000000000221f8       0x20 /usr/local/gcc-arm-none-eabi-4_9-2015q1/bin/../lib/gcc/arm-none-eabi/4.9.3/../../../../arm-none-eabi/lib/armv6-m/libc_nano.a(lib_a-findfp.o)
                0x00000000000221f8                __sf_fake_stdin
 .rodata.__sf_fake_stdout
                0x0000000000022218       0x20 /usr/local/gcc-arm-none-eabi-4_9-2015q1/bin/../lib/gcc/arm-none-eabi/4.9.3/../../../../arm-none-eabi/lib/armv6-m/libc_nano.a(lib_a-findfp.o)
                0x0000000000022218                __sf_fake_stdout
 .rodata.__sf_fake_stderr
                0x0000000000022238       0x20 /usr/local/gcc-arm-none-eabi-4_9-2015q1/bin/../lib/gcc/arm-none-eabi/4.9.3/../../../../arm-none-eabi/lib/armv6-m/libc_nano.a(lib_a-findfp.o)
                0x0000000000022238                __sf_fake_stderr
 .rodata.str1.1
                0x0000000000022258       0x11 /usr/local/gcc-arm-none-eabi-4_9-2015q1/bin/../lib/gcc/arm-none-eabi/4.9.3/../../../../arm-none-eabi/lib/armv6-m/libc_nano.a(lib_a-nano-vfprintf.o)
 *(.eh_frame*)
                0x000000000002226c                . = ALIGN (0x4)
 *fill*         0x0000000000022269        0x3 

.glue_7         0x000000000002226c        0x0
 .glue_7        0x0000000000000000        0x0 linker stubs

.glue_7t        0x000000000002226c        0x0
 .glue_7t       0x0000000000000000        0x0 linker stubs

.vfp11_veneer   0x000000000002226c        0x0
 .vfp11_veneer  0x0000000000000000        0x0 linker stubs

.v4_bx          0x000000000002226c        0x0
 .v4_bx         0x0000000000000000        0x0 linker stubs

.iplt           0x000000000002226c        0x0
 .iplt          0x0000000000000000        0x0 /usr/local/gcc-arm-none-eabi-4_9-2015q1/bin/../lib/gcc/arm-none-eabi/4.9.3/armv6-m/crtbegin.o

.ARM.extab      0x000000000002226c        0x0
 *(.ARM.extab* .gnu.linkonce.armextab.*)
                0x000000000002226c                . = ALIGN (0x4)
                0x000000000002226c                __exidx_start = .

.ARM.exidx      0x000000000002226c        0x8
 *(.ARM.exidx* .gnu.linkonce.armexidx.*)
 .ARM.exidx     0x000000000002226c        0x8 /usr/local/gcc-arm-none-eabi-4_9-2015q1/bin/../lib/gcc/arm-none-eabi/4.9.3/../../../../arm-none-eabi/lib/armv6-m/crt0.o
 .ARM.exidx     0x0000000000022274        0x0 _build/gcc_startup_nrf51.o
                                          0x8 (size before relaxing)
                0x0000000000022274                . = ALIGN (0x4)
                0x0000000000022274                __exidx_end = .
                0x0000000000022274                __etext = .

.rel.dyn        0x0000000000022274        0x0
 .rel.iplt      0x0000000000000000        0x0 /usr/local/gcc-arm-none-eabi-4_9-2015q1/bin/../lib/gcc/arm-none-eabi/4.9.3/armv6-m/crtbegin.o

.data           0x0000000020002000       0xdc load address 0x0000000000022274
                0x0000000020002000                __data_start__ = .
 *(vtable)
 *(.data*)
 .data.impure_data
                0x0000000020002000       0x60 /usr/local/gcc-arm-none-eabi-4_9-2015q1/bin/../lib/gcc/arm-none-eabi/4.9.3/../../../../arm-none-eabi/lib/armv6-m/libc_nano.a(lib_a-impure.o)
 .data._impure_ptr
                0x0000000020002060        0x4 /usr/local/gcc-arm-none-eabi-4_9-2015q1/bin/../lib/gcc/arm-none-eabi/4.9.3/../../../../arm-none-eabi/lib/armv6-m/libc_nano.a(lib_a-impure.o)
                0x0000000020002060                _impure_ptr
 .data.lconv    0x0000000020002064       0x38 /usr/local/gcc-arm-none-eabi-4_9-2015q1/bin/../lib/gcc/arm-none-eabi/4.9.3/../../../../arm-none-eabi/lib/armv6-m/libc_nano.a(lib_a-locale.o)
 .data.curr_dir
                0x000000002000209c        0x4 _build/main.o
                0x000000002000209c                curr_dir
 .data.stopped  0x00000000200020a0        0x1 _build/main.o
                0x00000000200020a0                stopped
 *fill*         0x00000000200020a1        0x3 
 .data.motor_speeds
                0x00000000200020a4        0x8 _build/main.o
                0x00000000200020a4                motor_speeds
 .data.pinIN1   0x00000000200020ac        0x4 _build/main.o
                0x00000000200020ac                pinIN1
 .data.pinIN2   0x00000000200020b0        0x4 _build/main.o
                0x00000000200020b0                pinIN2
 .data.pinIN4   0x00000000200020b4        0x4 _build/main.o
                0x00000000200020b4                pinIN4
 .data.pinIN3   0x00000000200020b8        0x4 _build/main.o
                0x00000000200020b8                pinIN3
 .data.pinENB   0x00000000200020bc        0x4 _build/main.o
                0x00000000200020bc                pinENB
 .data.pinENA   0x00000000200020c0        0x4 _build/main.o
                0x00000000200020c0                pinENA
 .data.m_conn_handle
                0x00000000200020c4        0x2 _build/ble_init.o
 *fill*         0x00000000200020c6        0x2 
 .data.pinEcho  0x00000000200020c8        0x4 _build/distance.o
                0x00000000200020c8                pinEcho
 .data.pinTrig  0x00000000200020cc        0x4 _build/distance.o
                0x00000000200020cc                pinTrig
 .data.countToUs
                0x00000000200020d0        0x4 _build/distance.o
 .data.pinTest  0x00000000200020d4        0x4 _build/distance.o
                0x00000000200020d4                pinTest
 .data.m_instance_counter
                0x00000000200020d8        0x1 _build/app_uart_fifo.o
 *fill*         0x00000000200020d9        0x1 
 .data.current_slave_link_conn_handle.7162
                0x00000000200020da        0x2 _build/ble_advertising.o
                0x00000000200020dc                . = ALIGN (0x4)
                0x00000000200020dc                PROVIDE (__preinit_array_start, .)
 *(.preinit_array)
                0x00000000200020dc                PROVIDE (__preinit_array_end, .)
                0x00000000200020dc                . = ALIGN (0x4)
                0x00000000200020dc                PROVIDE (__init_array_start, .)
 *(SORT(.init_array.*))
 *(.init_array)
                0x00000000200020dc                PROVIDE (__init_array_end, .)
                0x00000000200020dc                . = ALIGN (0x4)
                0x00000000200020dc                PROVIDE (__fini_array_start, .)
 *(SORT(.fini_array.*))
 *(.fini_array)
                0x00000000200020dc                PROVIDE (__fini_array_end, .)
 *(.jcr)
                0x00000000200020dc                . = ALIGN (0x4)
                0x00000000200020dc                __data_end__ = .

.igot.plt       0x00000000200020dc        0x0 load address 0x0000000000022350
 .igot.plt      0x0000000000000000        0x0 /usr/local/gcc-arm-none-eabi-4_9-2015q1/bin/../lib/gcc/arm-none-eabi/4.9.3/armv6-m/crtbegin.o

.bss            0x00000000200020dc      0x888 load address 0x0000000000022350
                0x00000000200020dc                . = ALIGN (0x4)
                0x00000000200020dc                __bss_start__ = .
 *(.bss*)
 .bss.__malloc_sbrk_start
                0x00000000200020dc        0x4 /usr/local/gcc-arm-none-eabi-4_9-2015q1/bin/../lib/gcc/arm-none-eabi/4.9.3/../../../../arm-none-eabi/lib/armv6-m/libc_nano.a(lib_a-nano-mallocr.o)
                0x00000000200020dc                __malloc_sbrk_start
 .bss.__malloc_free_list
                0x00000000200020e0        0x4 /usr/local/gcc-arm-none-eabi-4_9-2015q1/bin/../lib/gcc/arm-none-eabi/4.9.3/../../../../arm-none-eabi/lib/armv6-m/libc_nano.a(lib_a-nano-mallocr.o)
                0x00000000200020e0                __malloc_free_list
 .bss.heap_end.4079
                0x00000000200020e4        0x4 /usr/local/gcc-arm-none-eabi-4_9-2015q1/bin/../lib/gcc/arm-none-eabi/4.9.3/../../../../arm-none-eabi/lib/armv6-m/libnosys.a(sbrk.o)
 .bss.pwmReady  0x00000000200020e8        0x1 _build/main.o
 *fill*         0x00000000200020e9        0x3 
 .bss.APP_TIMER_BUF.8657
                0x00000000200020ec      0x2b8 _build/main.o
 .bss.index.8637
                0x00000000200023a4        0x1 _build/ble_init.o
 *fill*         0x00000000200023a5        0x3 
 .bss.rx_buf.8651
                0x00000000200023a8      0x100 _build/ble_init.o
 .bss.data_array.8636
                0x00000000200024a8       0x14 _build/ble_init.o
 .bss.BLE_EVT_BUFFER.8627
                0x00000000200024bc       0x48 _build/ble_init.o
 .bss.tx_buf.8652
                0x0000000020002504      0x100 _build/ble_init.o
 .bss.tCount    0x0000000020002604        0x4 _build/distance.o
 .bss.m_instances
                0x0000000020002608        0x8 _build/app_pwm.o
 .bss.m_event_handler
                0x0000000020002610        0x4 _build/app_uart_fifo.o
 .bss.m_tx_fifo
                0x0000000020002614       0x10 _build/app_uart_fifo.o
 .bss.m_current_state
                0x0000000020002624        0x1 _build/app_uart_fifo.o
 *fill*         0x0000000020002625        0x3 
 .bss.m_rx_fifo
                0x0000000020002628       0x10 _build/app_uart_fifo.o
 .bss.m_cmd_queue
                0x0000000020002638       0xcc _build/pstorage.o
 .bss.m_module_initialized
                0x0000000020002704        0x1 _build/pstorage.o
 *fill*         0x0000000020002705        0x3 
 .bss.m_cb      0x0000000020002708       0x54 _build/nrf_drv_gpiote.o
 .bss.m_drv_state
                0x000000002000275c        0x1 _build/nrf_drv_ppi.o
 .bss.m_groups_allocated
                0x000000002000275d        0x1 _build/nrf_drv_ppi.o
 *fill*         0x000000002000275e        0x2 
 .bss.m_channels_allocated
                0x0000000020002760        0x4 _build/nrf_drv_ppi.o
 .bss.m_timer_event_handlers
                0x0000000020002764        0x8 _build/nrf_drv_timer.o
 .bss.mp_contexts
                0x000000002000276c        0x8 _build/nrf_drv_timer.o
 .bss.m_cb      0x0000000020002774        0x4 _build/nrf_drv_timer.o
 .bss.m_ticks_latest
                0x0000000020002778        0x4 _build/app_timer.o
 .bss.m_evt_schedule_func
                0x000000002000277c        0x4 _build/app_timer.o
 .bss.mp_nodes  0x0000000020002780        0x4 _build/app_timer.o
 .bss.m_user_array_size
                0x0000000020002784        0x1 _build/app_timer.o
 *fill*         0x0000000020002785        0x3 
 .bss.mp_users  0x0000000020002788        0x4 _build/app_timer.o
 .bss.m_ticks_elapsed_q_read_ind
                0x000000002000278c        0x1 _build/app_timer.o
 .bss.m_ticks_elapsed_q_write_ind
                0x000000002000278d        0x1 _build/app_timer.o
 .bss.m_node_array_size
                0x000000002000278e        0x1 _build/app_timer.o
 *fill*         0x000000002000278f        0x1 
 .bss.m_timer_id_head
                0x0000000020002790        0x4 _build/app_timer.o
 .bss.m_rtc1_reset
                0x0000000020002794        0x1 _build/app_timer.o
 *fill*         0x0000000020002795        0x3 
 .bss.m_ticks_elapsed
                0x0000000020002798        0x8 _build/app_timer.o
 .bss.m_rtc1_running
                0x00000000200027a0        0x1 _build/app_timer.o
 *fill*         0x00000000200027a1        0x3 
 .bss.m_advdata
                0x00000000200027a4       0x30 _build/ble_advertising.o
 .bss.m_manuf_specific_data
                0x00000000200027d4        0xc _build/ble_advertising.o
 .bss.m_evt_handler
                0x00000000200027e0        0x4 _build/ble_advertising.o
 .bss.m_manuf_data_array
                0x00000000200027e4       0x20 _build/ble_advertising.o
 .bss.m_whitelist_temporarily_disabled
                0x0000000020002804        0x1 _build/ble_advertising.o
 *fill*         0x0000000020002805        0x3 
 .bss.m_error_handler
                0x0000000020002808        0x4 _build/ble_advertising.o
 .bss.m_peer_address
                0x000000002000280c        0x8 _build/ble_advertising.o
 .bss.m_adv_modes_config
                0x0000000020002814       0x20 _build/ble_advertising.o
 .bss.mp_whitelist_addr
                0x0000000020002834       0x20 _build/ble_advertising.o
 .bss.m_tx_power_level
                0x0000000020002854        0x1 _build/ble_advertising.o
 *fill*         0x0000000020002855        0x3 
 .bss.m_whitelist
                0x0000000020002858       0x10 _build/ble_advertising.o
 .bss.m_service_data_array
                0x0000000020002868       0x20 _build/ble_advertising.o
 .bss.m_peer_addr_reply_expected
                0x0000000020002888        0x1 _build/ble_advertising.o
 .bss.m_whitelist_reply_expected
                0x0000000020002889        0x1 _build/ble_advertising.o
 .bss.m_direct_adv_cnt
                0x000000002000288a        0x1 _build/ble_advertising.o
 *fill*         0x000000002000288b        0x1 
 .bss.mp_whitelist_irk
                0x000000002000288c       0x20 _build/ble_advertising.o
 .bss.m_adv_mode_current
                0x00000000200028ac        0x1 _build/ble_advertising.o
 .bss.m_advertising_start_pending
                0x00000000200028ad        0x1 _build/ble_advertising.o
 *fill*         0x00000000200028ae        0x2 
 .bss.m_slave_conn_int
                0x00000000200028b0        0x4 _build/ble_advertising.o
 .bss.m_service_data
                0x00000000200028b4        0xc _build/ble_advertising.o
 .bss.m_adv_evt
                0x00000000200028c0        0x1 _build/ble_advertising.o
 .bss.m_change_param
                0x00000000200028c1        0x1 _build/ble_conn_params.o
 *fill*         0x00000000200028c2        0x2 
 .bss.m_current_conn_params
                0x00000000200028c4        0x8 _build/ble_conn_params.o
 .bss.m_update_count
                0x00000000200028cc        0x1 _build/ble_conn_params.o
 *fill*         0x00000000200028cd        0x3 
 .bss.m_conn_params_config
                0x00000000200028d0       0x1c _build/ble_conn_params.o
 .bss.m_conn_params_timer_id
                0x00000000200028ec        0x4 _build/ble_conn_params.o
 .bss.m_conn_handle
                0x00000000200028f0        0x2 _build/ble_conn_params.o
 *fill*         0x00000000200028f2        0x2 
 .bss.m_preferred_conn_params
                0x00000000200028f4        0x8 _build/ble_conn_params.o
 .bss.m_evt_handler
                0x00000000200028fc        0x4 _build/ble_radio_notification.o
 .bss.m_radio_active
                0x0000000020002900        0x1 _build/ble_radio_notification.o
 .bss.m_softdevice_enabled
                0x0000000020002901        0x1 _build/softdevice_handler.o
 .bss.m_ble_evt_buffer_size
                0x0000000020002902        0x2 _build/softdevice_handler.o
 .bss.mp_ble_evt_buffer
                0x0000000020002904        0x4 _build/softdevice_handler.o
 .bss.m_sys_evt_handler
                0x0000000020002908        0x4 _build/softdevice_handler.o
 .bss.m_ble_evt_handler
                0x000000002000290c        0x4 _build/softdevice_handler.o
 .bss.m_evt_schedule_func
                0x0000000020002910        0x4 _build/softdevice_handler.o
 *(COMMON)
 COMMON         0x0000000020002914        0x4 /usr/local/gcc-arm-none-eabi-4_9-2015q1/bin/../lib/gcc/arm-none-eabi/4.9.3/../../../../arm-none-eabi/lib/armv6-m/libc_nano.a(lib_a-reent.o)
                0x0000000020002914                errno
 COMMON         0x0000000020002918       0x2c _build/main.o
                0x0000000020002918                m_pwm_PWM1_cb
                0x000000002000293c                bbEvent
 COMMON         0x0000000020002944       0x1c _build/ble_init.o
                0x0000000020002944                m_nus
 COMMON         0x0000000020002960        0x2 _build/app_pwm.o
                0x0000000020002960                m_pwm_ready_counter
                0x0000000020002964                . = ALIGN (0x4)
 *fill*         0x0000000020002962        0x2 
                0x0000000020002964                __bss_end__ = .

.heap           0x0000000020002968      0x800
                0x0000000020002968                __end__ = .
                0x0000000020002968                end = __end__
 *(.heap*)
 .heap          0x0000000020002968      0x800 _build/gcc_startup_nrf51.o
                0x0000000020002968                __HeapBase
                0x0000000020003168                __HeapLimit = .

.stack_dummy    0x0000000020002968      0x800
 *(.stack*)
 .stack         0x0000000020002968      0x800 _build/gcc_startup_nrf51.o
                0x0000000020008000                __StackTop = (ORIGIN (RAM) + 0x6000)
                0x0000000020007800                __StackLimit = (__StackTop - SIZEOF (.stack_dummy))
                0x0000000020008000                PROVIDE (__stack, __StackTop)
                0x0000000000000001                ASSERT ((__StackLimit >= __HeapLimit), region RAM overflowed with stack)
OUTPUT(_build/nrf51422_xxac_s110.out elf32-littlearm)

.ARM.attributes
                0x0000000000000000       0x28
 .ARM.attributes
                0x0000000000000000       0x1e /usr/local/gcc-arm-none-eabi-4_9-2015q1/bin/../lib/gcc/arm-none-eabi/4.9.3/armv6-m/crti.o
 .ARM.attributes
                0x000000000000001e       0x1b /usr/local/gcc-arm-none-eabi-4_9-2015q1/bin/../lib/gcc/arm-none-eabi/4.9.3/../../../../arm-none-eabi/lib/armv6-m/crt0.o
 .ARM.attributes
                0x0000000000000039       0x2c /usr/local/gcc-arm-none-eabi-4_9-2015q1/bin/../lib/gcc/arm-none-eabi/4.9.3/../../../../arm-none-eabi/lib/armv6-m/libc_nano.a(lib_a-exit.o)
 .ARM.attributes
                0x0000000000000065       0x2c /usr/local/gcc-arm-none-eabi-4_9-2015q1/bin/../lib/gcc/arm-none-eabi/4.9.3/../../../../arm-none-eabi/lib/armv6-m/libc_nano.a(lib_a-impure.o)
 .ARM.attributes
                0x0000000000000091       0x2c /usr/local/gcc-arm-none-eabi-4_9-2015q1/bin/../lib/gcc/arm-none-eabi/4.9.3/../../../../arm-none-eabi/lib/armv6-m/libc_nano.a(lib_a-init.o)
 .ARM.attributes
                0x00000000000000bd       0x2c /usr/local/gcc-arm-none-eabi-4_9-2015q1/bin/../lib/gcc/arm-none-eabi/4.9.3/../../../../arm-none-eabi/lib/armv6-m/libc_nano.a(lib_a-memset.o)
 .ARM.attributes
                0x00000000000000e9       0x2c /usr/local/gcc-arm-none-eabi-4_9-2015q1/bin/../lib/gcc/arm-none-eabi/4.9.3/../../../../arm-none-eabi/lib/armv6-m/libc_nano.a(lib_a-nano-vfprintf_float.o)
 .ARM.attributes
                0x0000000000000115       0x2c /usr/local/gcc-arm-none-eabi-4_9-2015q1/bin/../lib/gcc/arm-none-eabi/4.9.3/../../../../arm-none-eabi/lib/armv6-m/libc_nano.a(lib_a-nano-vfprintf_i.o)
 .ARM.attributes
                0x0000000000000141       0x2c /usr/local/gcc-arm-none-eabi-4_9-2015q1/bin/../lib/gcc/arm-none-eabi/4.9.3/../../../../arm-none-eabi/lib/armv6-m/libc_nano.a(lib_a-s_fpclassify.o)
 .ARM.attributes
                0x000000000000016d       0x2c /usr/local/gcc-arm-none-eabi-4_9-2015q1/bin/../lib/gcc/arm-none-eabi/4.9.3/../../../../arm-none-eabi/lib/armv6-m/libc_nano.a(lib_a-strlen.o)
 .ARM.attributes
                0x0000000000000199       0x2c /usr/local/gcc-arm-none-eabi-4_9-2015q1/bin/../lib/gcc/arm-none-eabi/4.9.3/../../../../arm-none-eabi/lib/armv6-m/libc_nano.a(lib_a-dtoa.o)
 .ARM.attributes
                0x00000000000001c5       0x2c /usr/local/gcc-arm-none-eabi-4_9-2015q1/bin/../lib/gcc/arm-none-eabi/4.9.3/../../../../arm-none-eabi/lib/armv6-m/libc_nano.a(lib_a-locale.o)
 .ARM.attributes
                0x00000000000001f1       0x2c /usr/local/gcc-arm-none-eabi-4_9-2015q1/bin/../lib/gcc/arm-none-eabi/4.9.3/../../../../arm-none-eabi/lib/armv6-m/libc_nano.a(lib_a-malloc.o)
 .ARM.attributes
                0x000000000000021d       0x2c /usr/local/gcc-arm-none-eabi-4_9-2015q1/bin/../lib/gcc/arm-none-eabi/4.9.3/../../../../arm-none-eabi/lib/armv6-m/libc_nano.a(lib_a-memchr.o)
 .ARM.attributes
                0x0000000000000249       0x2c /usr/local/gcc-arm-none-eabi-4_9-2015q1/bin/../lib/gcc/arm-none-eabi/4.9.3/../../../../arm-none-eabi/lib/armv6-m/libc_nano.a(lib_a-memcpy.o)
 .ARM.attributes
                0x0000000000000275       0x2c /usr/local/gcc-arm-none-eabi-4_9-2015q1/bin/../lib/gcc/arm-none-eabi/4.9.3/../../../../arm-none-eabi/lib/armv6-m/libc_nano.a(lib_a-mprec.o)
 .ARM.attributes
                0x00000000000002a1       0x2c /usr/local/gcc-arm-none-eabi-4_9-2015q1/bin/../lib/gcc/arm-none-eabi/4.9.3/../../../../arm-none-eabi/lib/armv6-m/libc_nano.a(lib_a-nano-callocr.o)
 .ARM.attributes
                0x00000000000002cd       0x2c /usr/local/gcc-arm-none-eabi-4_9-2015q1/bin/../lib/gcc/arm-none-eabi/4.9.3/../../../../arm-none-eabi/lib/armv6-m/libc_nano.a(lib_a-nano-freer.o)
 .ARM.attributes
                0x00000000000002f9       0x2c /usr/local/gcc-arm-none-eabi-4_9-2015q1/bin/../lib/gcc/arm-none-eabi/4.9.3/../../../../arm-none-eabi/lib/armv6-m/libc_nano.a(lib_a-nano-mallocr.o)
 .ARM.attributes
                0x0000000000000325       0x2c /usr/local/gcc-arm-none-eabi-4_9-2015q1/bin/../lib/gcc/arm-none-eabi/4.9.3/../../../../arm-none-eabi/lib/armv6-m/libc_nano.a(lib_a-sbrkr.o)
 .ARM.attributes
                0x0000000000000351       0x2c /usr/local/gcc-arm-none-eabi-4_9-2015q1/bin/../lib/gcc/arm-none-eabi/4.9.3/../../../../arm-none-eabi/lib/armv6-m/libc_nano.a(lib_a-reent.o)
 .ARM.attributes
                0x000000000000037d       0x2c /usr/local/gcc-arm-none-eabi-4_9-2015q1/bin/../lib/gcc/arm-none-eabi/4.9.3/../../../../arm-none-eabi/lib/armv6-m/libnosys.a(sbrk.o)
 .ARM.attributes
                0x00000000000003a9       0x2c /usr/local/gcc-arm-none-eabi-4_9-2015q1/bin/../lib/gcc/arm-none-eabi/4.9.3/../../../../arm-none-eabi/lib/armv6-m/libnosys.a(_exit.o)
 .ARM.attributes
                0x00000000000003d5       0x31 _build/main.o
 .ARM.attributes
                0x0000000000000406       0x31 _build/ble_init.o
 .ARM.attributes
                0x0000000000000437       0x31 _build/distance.o
 .ARM.attributes
                0x0000000000000468       0x31 _build/app_fifo.o
 .ARM.attributes
                0x0000000000000499       0x31 _build/retarget.o
 .ARM.attributes
                0x00000000000004ca       0x31 _build/app_pwm.o
 .ARM.attributes
                0x00000000000004fb       0x31 _build/app_uart_fifo.o
 .ARM.attributes
                0x000000000000052c       0x31 _build/nrf_delay.o
 .ARM.attributes
                0x000000000000055d       0x31 _build/nrf_drv_common.o
 .ARM.attributes
                0x000000000000058e       0x31 _build/pstorage.o
 .ARM.attributes
                0x00000000000005bf       0x31 _build/nrf_drv_gpiote.o
 .ARM.attributes
                0x00000000000005f0       0x31 _build/nrf_drv_ppi.o
 .ARM.attributes
                0x0000000000000621       0x31 _build/nrf_drv_timer.o
 .ARM.attributes
                0x0000000000000652       0x31 _build/app_timer.o
 .ARM.attributes
                0x0000000000000683       0x31 _build/ble_advdata.o
 .ARM.attributes
                0x00000000000006b4       0x31 _build/ble_advertising.o
 .ARM.attributes
                0x00000000000006e5       0x31 _build/ble_conn_params.o
 .ARM.attributes
                0x0000000000000716       0x31 _build/ble_nus.o
 .ARM.attributes
                0x0000000000000747       0x31 _build/ble_radio_notification.o
 .ARM.attributes
                0x0000000000000778       0x31 _build/system_nrf51.o
 .ARM.attributes
                0x00000000000007a9       0x31 _build/softdevice_handler.o
 .ARM.attributes
                0x00000000000007da       0x1b _build/gcc_startup_nrf51.o
 .ARM.attributes
                0x00000000000007f5       0x1e /usr/local/gcc-arm-none-eabi-4_9-2015q1/bin/../lib/gcc/arm-none-eabi/4.9.3/armv6-m/libgcc.a(_thumb1_case_uqi.o)
 .ARM.attributes
                0x0000000000000813       0x1e /usr/local/gcc-arm-none-eabi-4_9-2015q1/bin/../lib/gcc/arm-none-eabi/4.9.3/armv6-m/libgcc.a(_udivsi3.o)
 .ARM.attributes
                0x0000000000000831       0x1e /usr/local/gcc-arm-none-eabi-4_9-2015q1/bin/../lib/gcc/arm-none-eabi/4.9.3/armv6-m/libgcc.a(_divsi3.o)
 .ARM.attributes
                0x000000000000084f       0x1e /usr/local/gcc-arm-none-eabi-4_9-2015q1/bin/../lib/gcc/arm-none-eabi/4.9.3/armv6-m/libgcc.a(_dvmd_tls.o)
 .ARM.attributes
                0x000000000000086d       0x1e /usr/local/gcc-arm-none-eabi-4_9-2015q1/bin/../lib/gcc/arm-none-eabi/4.9.3/armv6-m/libgcc.a(_arm_cmpdf2.o)
 .ARM.attributes
                0x000000000000088b       0x1e /usr/local/gcc-arm-none-eabi-4_9-2015q1/bin/../lib/gcc/arm-none-eabi/4.9.3/armv6-m/libgcc.a(_arm_cmpsf2.o)
 .ARM.attributes
                0x00000000000008a9       0x2c /usr/local/gcc-arm-none-eabi-4_9-2015q1/bin/../lib/gcc/arm-none-eabi/4.9.3/armv6-m/libgcc.a(eqsf2.o)
 .ARM.attributes
                0x00000000000008d5       0x2c /usr/local/gcc-arm-none-eabi-4_9-2015q1/bin/../lib/gcc/arm-none-eabi/4.9.3/armv6-m/libgcc.a(gesf2.o)
 .ARM.attributes
                0x0000000000000901       0x2c /usr/local/gcc-arm-none-eabi-4_9-2015q1/bin/../lib/gcc/arm-none-eabi/4.9.3/armv6-m/libgcc.a(lesf2.o)
 .ARM.attributes
                0x000000000000092d       0x2c /usr/local/gcc-arm-none-eabi-4_9-2015q1/bin/../lib/gcc/arm-none-eabi/4.9.3/armv6-m/libgcc.a(mulsf3.o)
 .ARM.attributes
                0x0000000000000959       0x2c /usr/local/gcc-arm-none-eabi-4_9-2015q1/bin/../lib/gcc/arm-none-eabi/4.9.3/armv6-m/libgcc.a(floatunsisf.o)
 .ARM.attributes
                0x0000000000000985       0x2c /usr/local/gcc-arm-none-eabi-4_9-2015q1/bin/../lib/gcc/arm-none-eabi/4.9.3/armv6-m/libgcc.a(adddf3.o)
 .ARM.attributes
                0x00000000000009b1       0x2c /usr/local/gcc-arm-none-eabi-4_9-2015q1/bin/../lib/gcc/arm-none-eabi/4.9.3/armv6-m/libgcc.a(divdf3.o)
 .ARM.attributes
                0x00000000000009dd       0x2c /usr/local/gcc-arm-none-eabi-4_9-2015q1/bin/../lib/gcc/arm-none-eabi/4.9.3/armv6-m/libgcc.a(eqdf2.o)
 .ARM.attributes
                0x0000000000000a09       0x2c /usr/local/gcc-arm-none-eabi-4_9-2015q1/bin/../lib/gcc/arm-none-eabi/4.9.3/armv6-m/libgcc.a(gedf2.o)
 .ARM.attributes
                0x0000000000000a35       0x2c /usr/local/gcc-arm-none-eabi-4_9-2015q1/bin/../lib/gcc/arm-none-eabi/4.9.3/armv6-m/libgcc.a(ledf2.o)
 .ARM.attributes
                0x0000000000000a61       0x2c /usr/local/gcc-arm-none-eabi-4_9-2015q1/bin/../lib/gcc/arm-none-eabi/4.9.3/armv6-m/libgcc.a(muldf3.o)
 .ARM.attributes
                0x0000000000000a8d       0x2c /usr/local/gcc-arm-none-eabi-4_9-2015q1/bin/../lib/gcc/arm-none-eabi/4.9.3/armv6-m/libgcc.a(subdf3.o)
 .ARM.attributes
                0x0000000000000ab9       0x2c /usr/local/gcc-arm-none-eabi-4_9-2015q1/bin/../lib/gcc/arm-none-eabi/4.9.3/armv6-m/libgcc.a(fixdfsi.o)
 .ARM.attributes
                0x0000000000000ae5       0x2c /usr/local/gcc-arm-none-eabi-4_9-2015q1/bin/../lib/gcc/arm-none-eabi/4.9.3/armv6-m/libgcc.a(floatsidf.o)
 .ARM.attributes
                0x0000000000000b11       0x2c /usr/local/gcc-arm-none-eabi-4_9-2015q1/bin/../lib/gcc/arm-none-eabi/4.9.3/armv6-m/libgcc.a(floatunsidf.o)
 .ARM.attributes
                0x0000000000000b3d       0x2c /usr/local/gcc-arm-none-eabi-4_9-2015q1/bin/../lib/gcc/arm-none-eabi/4.9.3/armv6-m/libgcc.a(extendsfdf2.o)
 .ARM.attributes
                0x0000000000000b69       0x2c /usr/local/gcc-arm-none-eabi-4_9-2015q1/bin/../lib/gcc/arm-none-eabi/4.9.3/armv6-m/libgcc.a(truncdfsf2.o)
 .ARM.attributes
                0x0000000000000b95       0x1e /usr/local/gcc-arm-none-eabi-4_9-2015q1/bin/../lib/gcc/arm-none-eabi/4.9.3/armv6-m/libgcc.a(_clzsi2.o)
 .ARM.attributes
                0x0000000000000bb3       0x2c /usr/local/gcc-arm-none-eabi-4_9-2015q1/bin/../lib/gcc/arm-none-eabi/4.9.3/../../../../arm-none-eabi/lib/armv6-m/libc_nano.a(lib_a-printf.o)
 .ARM.attributes
                0x0000000000000bdf       0x2c /usr/local/gcc-arm-none-eabi-4_9-2015q1/bin/../lib/gcc/arm-none-eabi/4.9.3/../../../../arm-none-eabi/lib/armv6-m/libc_nano.a(lib_a-strstr.o)
 .ARM.attributes
                0x0000000000000c0b       0x2c /usr/local/gcc-arm-none-eabi-4_9-2015q1/bin/../lib/gcc/arm-none-eabi/4.9.3/../../../../arm-none-eabi/lib/armv6-m/libc_nano.a(lib_a-findfp.o)
 .ARM.attributes
                0x0000000000000c37       0x2c /usr/local/gcc-arm-none-eabi-4_9-2015q1/bin/../lib/gcc/arm-none-eabi/4.9.3/../../../../arm-none-eabi/lib/armv6-m/libc_nano.a(lib_a-fwalk.o)
 .ARM.attributes
                0x0000000000000c63       0x2c /usr/local/gcc-arm-none-eabi-4_9-2015q1/bin/../lib/gcc/arm-none-eabi/4.9.3/../../../../arm-none-eabi/lib/armv6-m/libc_nano.a(lib_a-nano-vfprintf.o)
 .ARM.attributes
                0x0000000000000c8f       0x2c /usr/local/gcc-arm-none-eabi-4_9-2015q1/bin/../lib/gcc/arm-none-eabi/4.9.3/../../../../arm-none-eabi/lib/armv6-m/libc_nano.a(lib_a-stdio.o)
 .ARM.attributes
                0x0000000000000cbb       0x2c /usr/local/gcc-arm-none-eabi-4_9-2015q1/bin/../lib/gcc/arm-none-eabi/4.9.3/../../../../arm-none-eabi/lib/armv6-m/libc_nano.a(lib_a-wbuf.o)
 .ARM.attributes
                0x0000000000000ce7       0x2c /usr/local/gcc-arm-none-eabi-4_9-2015q1/bin/../lib/gcc/arm-none-eabi/4.9.3/../../../../arm-none-eabi/lib/armv6-m/libc_nano.a(lib_a-writer.o)
 .ARM.attributes
                0x0000000000000d13       0x2c /usr/local/gcc-arm-none-eabi-4_9-2015q1/bin/../lib/gcc/arm-none-eabi/4.9.3/../../../../arm-none-eabi/lib/armv6-m/libc_nano.a(lib_a-wsetup.o)
 .ARM.attributes
                0x0000000000000d3f       0x2c /usr/local/gcc-arm-none-eabi-4_9-2015q1/bin/../lib/gcc/arm-none-eabi/4.9.3/../../../../arm-none-eabi/lib/armv6-m/libc_nano.a(lib_a-closer.o)
 .ARM.attributes
                0x0000000000000d6b       0x2c /usr/local/gcc-arm-none-eabi-4_9-2015q1/bin/../lib/gcc/arm-none-eabi/4.9.3/../../../../arm-none-eabi/lib/armv6-m/libc_nano.a(lib_a-fflush.o)
 .ARM.attributes
                0x0000000000000d97       0x2c /usr/local/gcc-arm-none-eabi-4_9-2015q1/bin/../lib/gcc/arm-none-eabi/4.9.3/../../../../arm-none-eabi/lib/armv6-m/libc_nano.a(lib_a-lseekr.o)
 .ARM.attributes
                0x0000000000000dc3       0x2c /usr/local/gcc-arm-none-eabi-4_9-2015q1/bin/../lib/gcc/arm-none-eabi/4.9.3/../../../../arm-none-eabi/lib/armv6-m/libc_nano.a(lib_a-makebuf.o)
 .ARM.attributes
                0x0000000000000def       0x2c /usr/local/gcc-arm-none-eabi-4_9-2015q1/bin/../lib/gcc/arm-none-eabi/4.9.3/../../../../arm-none-eabi/lib/armv6-m/libc_nano.a(lib_a-readr.o)
 .ARM.attributes
                0x0000000000000e1b       0x2c /usr/local/gcc-arm-none-eabi-4_9-2015q1/bin/../lib/gcc/arm-none-eabi/4.9.3/../../../../arm-none-eabi/lib/armv6-m/libc_nano.a(lib_a-fstatr.o)
 .ARM.attributes
                0x0000000000000e47       0x2c /usr/local/gcc-arm-none-eabi-4_9-2015q1/bin/../lib/gcc/arm-none-eabi/4.9.3/../../../../arm-none-eabi/lib/armv6-m/libc_nano.a(lib_a-isattyr.o)
 .ARM.attributes
                0x0000000000000e73       0x1e /usr/local/gcc-arm-none-eabi-4_9-2015q1/bin/../lib/gcc/arm-none-eabi/4.9.3/armv6-m/crtn.o
 .ARM.attributes
                0x0000000000000e91       0x2c /usr/local/gcc-arm-none-eabi-4_9-2015q1/bin/../lib/gcc/arm-none-eabi/4.9.3/../../../../arm-none-eabi/lib/armv6-m/libnosys.a(close.o)
 .ARM.attributes
                0x0000000000000ebd       0x2c /usr/local/gcc-arm-none-eabi-4_9-2015q1/bin/../lib/gcc/arm-none-eabi/4.9.3/../../../../arm-none-eabi/lib/armv6-m/libnosys.a(fstat.o)
 .ARM.attributes
                0x0000000000000ee9       0x2c /usr/local/gcc-arm-none-eabi-4_9-2015q1/bin/../lib/gcc/arm-none-eabi/4.9.3/../../../../arm-none-eabi/lib/armv6-m/libnosys.a(isatty.o)
 .ARM.attributes
                0x0000000000000f15       0x2c /usr/local/gcc-arm-none-eabi-4_9-2015q1/bin/../lib/gcc/arm-none-eabi/4.9.3/../../../../arm-none-eabi/lib/armv6-m/libnosys.a(lseek.o)

.comment        0x0000000000000000       0x70
 .comment       0x0000000000000000       0x70 _build/main.o
                                         0x71 (size before relaxing)
 .comment       0x0000000000000000       0x71 _build/ble_init.o
 .comment       0x0000000000000000       0x71 _build/distance.o
 .comment       0x0000000000000000       0x71 _build/app_fifo.o
 .comment       0x0000000000000000       0x71 _build/retarget.o
 .comment       0x0000000000000000       0x71 _build/app_pwm.o
 .comment       0x0000000000000000       0x71 _build/app_uart_fifo.o
 .comment       0x0000000000000000       0x71 _build/nrf_delay.o
 .comment       0x0000000000000000       0x71 _build/nrf_drv_common.o
 .comment       0x0000000000000000       0x71 _build/pstorage.o
 .comment       0x0000000000000000       0x71 _build/nrf_drv_gpiote.o
 .comment       0x0000000000000000       0x71 _build/nrf_drv_ppi.o
 .comment       0x0000000000000000       0x71 _build/nrf_drv_timer.o
 .comment       0x0000000000000000       0x71 _build/app_timer.o
 .comment       0x0000000000000000       0x71 _build/ble_advdata.o
 .comment       0x0000000000000000       0x71 _build/ble_advertising.o
 .comment       0x0000000000000000       0x71 _build/ble_conn_params.o
 .comment       0x0000000000000000       0x71 _build/ble_nus.o
 .comment       0x0000000000000000       0x71 _build/ble_radio_notification.o
 .comment       0x0000000000000000       0x71 _build/system_nrf51.o
 .comment       0x0000000000000000       0x71 _build/softdevice_handler.o

.debug_frame    0x0000000000000000      0xfe4
 .debug_frame   0x0000000000000000       0x28 /usr/local/gcc-arm-none-eabi-4_9-2015q1/bin/../lib/gcc/arm-none-eabi/4.9.3/../../../../arm-none-eabi/lib/armv6-m/libc_nano.a(lib_a-exit.o)
 .debug_frame   0x0000000000000028       0x2c /usr/local/gcc-arm-none-eabi-4_9-2015q1/bin/../lib/gcc/arm-none-eabi/4.9.3/../../../../arm-none-eabi/lib/armv6-m/libc_nano.a(lib_a-init.o)
 .debug_frame   0x0000000000000054       0x20 /usr/local/gcc-arm-none-eabi-4_9-2015q1/bin/../lib/gcc/arm-none-eabi/4.9.3/../../../../arm-none-eabi/lib/armv6-m/libc_nano.a(lib_a-memset.o)
 .debug_frame   0x0000000000000074       0x74 /usr/local/gcc-arm-none-eabi-4_9-2015q1/bin/../lib/gcc/arm-none-eabi/4.9.3/../../../../arm-none-eabi/lib/armv6-m/libc_nano.a(lib_a-nano-vfprintf_float.o)
 .debug_frame   0x00000000000000e8       0x54 /usr/local/gcc-arm-none-eabi-4_9-2015q1/bin/../lib/gcc/arm-none-eabi/4.9.3/../../../../arm-none-eabi/lib/armv6-m/libc_nano.a(lib_a-nano-vfprintf_i.o)
 .debug_frame   0x000000000000013c       0x2c /usr/local/gcc-arm-none-eabi-4_9-2015q1/bin/../lib/gcc/arm-none-eabi/4.9.3/../../../../arm-none-eabi/lib/armv6-m/libc_nano.a(lib_a-s_fpclassify.o)
 .debug_frame   0x0000000000000168       0x20 /usr/local/gcc-arm-none-eabi-4_9-2015q1/bin/../lib/gcc/arm-none-eabi/4.9.3/../../../../arm-none-eabi/lib/armv6-m/libc_nano.a(lib_a-strlen.o)
 .debug_frame   0x0000000000000188       0x54 /usr/local/gcc-arm-none-eabi-4_9-2015q1/bin/../lib/gcc/arm-none-eabi/4.9.3/../../../../arm-none-eabi/lib/armv6-m/libc_nano.a(lib_a-dtoa.o)
 .debug_frame   0x00000000000001dc       0xa4 /usr/local/gcc-arm-none-eabi-4_9-2015q1/bin/../lib/gcc/arm-none-eabi/4.9.3/../../../../arm-none-eabi/lib/armv6-m/libc_nano.a(lib_a-locale.o)
 .debug_frame   0x0000000000000280       0x40 /usr/local/gcc-arm-none-eabi-4_9-2015q1/bin/../lib/gcc/arm-none-eabi/4.9.3/../../../../arm-none-eabi/lib/armv6-m/libc_nano.a(lib_a-malloc.o)
 .debug_frame   0x00000000000002c0       0x20 /usr/local/gcc-arm-none-eabi-4_9-2015q1/bin/../lib/gcc/arm-none-eabi/4.9.3/../../../../arm-none-eabi/lib/armv6-m/libc_nano.a(lib_a-memchr.o)
 .debug_frame   0x00000000000002e0       0x28 /usr/local/gcc-arm-none-eabi-4_9-2015q1/bin/../lib/gcc/arm-none-eabi/4.9.3/../../../../arm-none-eabi/lib/armv6-m/libc_nano.a(lib_a-memcpy.o)
 .debug_frame   0x0000000000000308      0x238 /usr/local/gcc-arm-none-eabi-4_9-2015q1/bin/../lib/gcc/arm-none-eabi/4.9.3/../../../../arm-none-eabi/lib/armv6-m/libc_nano.a(lib_a-mprec.o)
 .debug_frame   0x0000000000000540       0x2c /usr/local/gcc-arm-none-eabi-4_9-2015q1/bin/../lib/gcc/arm-none-eabi/4.9.3/../../../../arm-none-eabi/lib/armv6-m/libc_nano.a(lib_a-nano-callocr.o)
 .debug_frame   0x000000000000056c       0x2c /usr/local/gcc-arm-none-eabi-4_9-2015q1/bin/../lib/gcc/arm-none-eabi/4.9.3/../../../../arm-none-eabi/lib/armv6-m/libc_nano.a(lib_a-nano-freer.o)
 .debug_frame   0x0000000000000598       0x2c /usr/local/gcc-arm-none-eabi-4_9-2015q1/bin/../lib/gcc/arm-none-eabi/4.9.3/../../../../arm-none-eabi/lib/armv6-m/libc_nano.a(lib_a-nano-mallocr.o)
 .debug_frame   0x00000000000005c4       0x2c /usr/local/gcc-arm-none-eabi-4_9-2015q1/bin/../lib/gcc/arm-none-eabi/4.9.3/../../../../arm-none-eabi/lib/armv6-m/libc_nano.a(lib_a-sbrkr.o)
 .debug_frame   0x00000000000005f0       0x48 /usr/local/gcc-arm-none-eabi-4_9-2015q1/bin/../lib/gcc/arm-none-eabi/4.9.3/../../../../arm-none-eabi/lib/armv6-m/libc_nano.a(lib_a-reent.o)
 .debug_frame   0x0000000000000638       0x20 /usr/local/gcc-arm-none-eabi-4_9-2015q1/bin/../lib/gcc/arm-none-eabi/4.9.3/../../../../arm-none-eabi/lib/armv6-m/libnosys.a(sbrk.o)
 .debug_frame   0x0000000000000658       0x20 /usr/local/gcc-arm-none-eabi-4_9-2015q1/bin/../lib/gcc/arm-none-eabi/4.9.3/../../../../arm-none-eabi/lib/armv6-m/libnosys.a(_exit.o)
 .debug_frame   0x0000000000000678       0x20 /usr/local/gcc-arm-none-eabi-4_9-2015q1/bin/../lib/gcc/arm-none-eabi/4.9.3/armv6-m/libgcc.a(_udivsi3.o)
 .debug_frame   0x0000000000000698       0x20 /usr/local/gcc-arm-none-eabi-4_9-2015q1/bin/../lib/gcc/arm-none-eabi/4.9.3/armv6-m/libgcc.a(_divsi3.o)
 .debug_frame   0x00000000000006b8       0x2c /usr/local/gcc-arm-none-eabi-4_9-2015q1/bin/../lib/gcc/arm-none-eabi/4.9.3/armv6-m/libgcc.a(eqsf2.o)
 .debug_frame   0x00000000000006e4       0x30 /usr/local/gcc-arm-none-eabi-4_9-2015q1/bin/../lib/gcc/arm-none-eabi/4.9.3/armv6-m/libgcc.a(gesf2.o)
 .debug_frame   0x0000000000000714       0x30 /usr/local/gcc-arm-none-eabi-4_9-2015q1/bin/../lib/gcc/arm-none-eabi/4.9.3/armv6-m/libgcc.a(lesf2.o)
 .debug_frame   0x0000000000000744       0x3c /usr/local/gcc-arm-none-eabi-4_9-2015q1/bin/../lib/gcc/arm-none-eabi/4.9.3/armv6-m/libgcc.a(mulsf3.o)
 .debug_frame   0x0000000000000780       0x28 /usr/local/gcc-arm-none-eabi-4_9-2015q1/bin/../lib/gcc/arm-none-eabi/4.9.3/armv6-m/libgcc.a(floatunsisf.o)
 .debug_frame   0x00000000000007a8       0x38 /usr/local/gcc-arm-none-eabi-4_9-2015q1/bin/../lib/gcc/arm-none-eabi/4.9.3/armv6-m/libgcc.a(adddf3.o)
 .debug_frame   0x00000000000007e0       0x3c /usr/local/gcc-arm-none-eabi-4_9-2015q1/bin/../lib/gcc/arm-none-eabi/4.9.3/armv6-m/libgcc.a(divdf3.o)
 .debug_frame   0x000000000000081c       0x38 /usr/local/gcc-arm-none-eabi-4_9-2015q1/bin/../lib/gcc/arm-none-eabi/4.9.3/armv6-m/libgcc.a(eqdf2.o)
 .debug_frame   0x0000000000000854       0x38 /usr/local/gcc-arm-none-eabi-4_9-2015q1/bin/../lib/gcc/arm-none-eabi/4.9.3/armv6-m/libgcc.a(gedf2.o)
 .debug_frame   0x000000000000088c       0x38 /usr/local/gcc-arm-none-eabi-4_9-2015q1/bin/../lib/gcc/arm-none-eabi/4.9.3/armv6-m/libgcc.a(ledf2.o)
 .debug_frame   0x00000000000008c4       0x3c /usr/local/gcc-arm-none-eabi-4_9-2015q1/bin/../lib/gcc/arm-none-eabi/4.9.3/armv6-m/libgcc.a(muldf3.o)
 .debug_frame   0x0000000000000900       0x3c /usr/local/gcc-arm-none-eabi-4_9-2015q1/bin/../lib/gcc/arm-none-eabi/4.9.3/armv6-m/libgcc.a(subdf3.o)
 .debug_frame   0x000000000000093c       0x2c /usr/local/gcc-arm-none-eabi-4_9-2015q1/bin/../lib/gcc/arm-none-eabi/4.9.3/armv6-m/libgcc.a(fixdfsi.o)
 .debug_frame   0x0000000000000968       0x2c /usr/local/gcc-arm-none-eabi-4_9-2015q1/bin/../lib/gcc/arm-none-eabi/4.9.3/armv6-m/libgcc.a(floatsidf.o)
 .debug_frame   0x0000000000000994       0x28 /usr/local/gcc-arm-none-eabi-4_9-2015q1/bin/../lib/gcc/arm-none-eabi/4.9.3/armv6-m/libgcc.a(floatunsidf.o)
 .debug_frame   0x00000000000009bc       0x2c /usr/local/gcc-arm-none-eabi-4_9-2015q1/bin/../lib/gcc/arm-none-eabi/4.9.3/armv6-m/libgcc.a(extendsfdf2.o)
 .debug_frame   0x00000000000009e8       0x2c /usr/local/gcc-arm-none-eabi-4_9-2015q1/bin/../lib/gcc/arm-none-eabi/4.9.3/armv6-m/libgcc.a(truncdfsf2.o)
 .debug_frame   0x0000000000000a14       0x50 /usr/local/gcc-arm-none-eabi-4_9-2015q1/bin/../lib/gcc/arm-none-eabi/4.9.3/../../../../arm-none-eabi/lib/armv6-m/libc_nano.a(lib_a-printf.o)
 .debug_frame   0x0000000000000a64       0x28 /usr/local/gcc-arm-none-eabi-4_9-2015q1/bin/../lib/gcc/arm-none-eabi/4.9.3/../../../../arm-none-eabi/lib/armv6-m/libc_nano.a(lib_a-strstr.o)
 .debug_frame   0x0000000000000a8c      0x140 /usr/local/gcc-arm-none-eabi-4_9-2015q1/bin/../lib/gcc/arm-none-eabi/4.9.3/../../../../arm-none-eabi/lib/armv6-m/libc_nano.a(lib_a-findfp.o)
 .debug_frame   0x0000000000000bcc       0x58 /usr/local/gcc-arm-none-eabi-4_9-2015q1/bin/../lib/gcc/arm-none-eabi/4.9.3/../../../../arm-none-eabi/lib/armv6-m/libc_nano.a(lib_a-fwalk.o)
 .debug_frame   0x0000000000000c24       0xa0 /usr/local/gcc-arm-none-eabi-4_9-2015q1/bin/../lib/gcc/arm-none-eabi/4.9.3/../../../../arm-none-eabi/lib/armv6-m/libc_nano.a(lib_a-nano-vfprintf.o)
 .debug_frame   0x0000000000000cc4       0x90 /usr/local/gcc-arm-none-eabi-4_9-2015q1/bin/../lib/gcc/arm-none-eabi/4.9.3/../../../../arm-none-eabi/lib/armv6-m/libc_nano.a(lib_a-stdio.o)
 .debug_frame   0x0000000000000d54       0x44 /usr/local/gcc-arm-none-eabi-4_9-2015q1/bin/../lib/gcc/arm-none-eabi/4.9.3/../../../../arm-none-eabi/lib/armv6-m/libc_nano.a(lib_a-wbuf.o)
 .debug_frame   0x0000000000000d98       0x2c /usr/local/gcc-arm-none-eabi-4_9-2015q1/bin/../lib/gcc/arm-none-eabi/4.9.3/../../../../arm-none-eabi/lib/armv6-m/libc_nano.a(lib_a-writer.o)
 .debug_frame   0x0000000000000dc4       0x2c /usr/local/gcc-arm-none-eabi-4_9-2015q1/bin/../lib/gcc/arm-none-eabi/4.9.3/../../../../arm-none-eabi/lib/armv6-m/libc_nano.a(lib_a-wsetup.o)
 .debug_frame   0x0000000000000df0       0x2c /usr/local/gcc-arm-none-eabi-4_9-2015q1/bin/../lib/gcc/arm-none-eabi/4.9.3/../../../../arm-none-eabi/lib/armv6-m/libc_nano.a(lib_a-closer.o)
 .debug_frame   0x0000000000000e1c       0x68 /usr/local/gcc-arm-none-eabi-4_9-2015q1/bin/../lib/gcc/arm-none-eabi/4.9.3/../../../../arm-none-eabi/lib/armv6-m/libc_nano.a(lib_a-fflush.o)
 .debug_frame   0x0000000000000e84       0x2c /usr/local/gcc-arm-none-eabi-4_9-2015q1/bin/../lib/gcc/arm-none-eabi/4.9.3/../../../../arm-none-eabi/lib/armv6-m/libc_nano.a(lib_a-lseekr.o)
 .debug_frame   0x0000000000000eb0       0x30 /usr/local/gcc-arm-none-eabi-4_9-2015q1/bin/../lib/gcc/arm-none-eabi/4.9.3/../../../../arm-none-eabi/lib/armv6-m/libc_nano.a(lib_a-makebuf.o)
 .debug_frame   0x0000000000000ee0       0x2c /usr/local/gcc-arm-none-eabi-4_9-2015q1/bin/../lib/gcc/arm-none-eabi/4.9.3/../../../../arm-none-eabi/lib/armv6-m/libc_nano.a(lib_a-readr.o)
 .debug_frame   0x0000000000000f0c       0x2c /usr/local/gcc-arm-none-eabi-4_9-2015q1/bin/../lib/gcc/arm-none-eabi/4.9.3/../../../../arm-none-eabi/lib/armv6-m/libc_nano.a(lib_a-fstatr.o)
 .debug_frame   0x0000000000000f38       0x2c /usr/local/gcc-arm-none-eabi-4_9-2015q1/bin/../lib/gcc/arm-none-eabi/4.9.3/../../../../arm-none-eabi/lib/armv6-m/libc_nano.a(lib_a-isattyr.o)
 .debug_frame   0x0000000000000f64       0x20 /usr/local/gcc-arm-none-eabi-4_9-2015q1/bin/../lib/gcc/arm-none-eabi/4.9.3/../../../../arm-none-eabi/lib/armv6-m/libnosys.a(close.o)
 .debug_frame   0x0000000000000f84       0x20 /usr/local/gcc-arm-none-eabi-4_9-2015q1/bin/../lib/gcc/arm-none-eabi/4.9.3/../../../../arm-none-eabi/lib/armv6-m/libnosys.a(fstat.o)
 .debug_frame   0x0000000000000fa4       0x20 /usr/local/gcc-arm-none-eabi-4_9-2015q1/bin/../lib/gcc/arm-none-eabi/4.9.3/../../../../arm-none-eabi/lib/armv6-m/libnosys.a(isatty.o)
 .debug_frame   0x0000000000000fc4       0x20 /usr/local/gcc-arm-none-eabi-4_9-2015q1/bin/../lib/gcc/arm-none-eabi/4.9.3/../../../../arm-none-eabi/lib/armv6-m/libnosys.a(lseek.o)

.stab           0x0000000000000000       0x6c